<?xml version="1.0" encoding="ISO-8859-1" ?>
<link_info>
   <banner>TI ARM Linker PC v20.2.7.LTS</banner>
   <copyright>Copyright (c) 1996-2018 Texas Instruments Incorporated</copyright>
   <link_time>0x69ab6de7</link_time>
   <link_errors>0x0</link_errors>
   <output_file>led_blink_controller.out</output_file>
   <entry_point>
      <name>_c_int00_noargs</name>
      <address>0x25a5</address>
   </entry_point>
   <input_file_list>
      <input_file id="fl-2">
         <path>.\</path>
         <kind>object</kind>
         <file>blinky_task.obj</file>
         <name>blinky_task.obj</name>
      </input_file>
      <input_file id="fl-3">
         <path>.\</path>
         <kind>object</kind>
         <file>croutine.obj</file>
         <name>croutine.obj</name>
      </input_file>
      <input_file id="fl-4">
         <path>.\</path>
         <kind>object</kind>
         <file>main.obj</file>
         <name>main.obj</name>
      </input_file>
      <input_file id="fl-5">
         <path>.\</path>
         <kind>object</kind>
         <file>startup_ccs.obj</file>
         <name>startup_ccs.obj</name>
      </input_file>
      <input_file id="fl-6">
         <path>.\drivers\</path>
         <kind>object</kind>
         <file>rtos_hw_drivers.obj</file>
         <name>rtos_hw_drivers.obj</name>
      </input_file>
      <input_file id="fl-7">
         <path>.\third_party\FreeRTOS\Source\</path>
         <kind>object</kind>
         <file>croutine.obj</file>
         <name>croutine.obj</name>
      </input_file>
      <input_file id="fl-8">
         <path>.\third_party\FreeRTOS\Source\</path>
         <kind>object</kind>
         <file>list.obj</file>
         <name>list.obj</name>
      </input_file>
      <input_file id="fl-9">
         <path>.\third_party\FreeRTOS\Source\</path>
         <kind>object</kind>
         <file>queue.obj</file>
         <name>queue.obj</name>
      </input_file>
      <input_file id="fl-a">
         <path>.\third_party\FreeRTOS\Source\</path>
         <kind>object</kind>
         <file>tasks.obj</file>
         <name>tasks.obj</name>
      </input_file>
      <input_file id="fl-b">
         <path>.\third_party\FreeRTOS\Source\</path>
         <kind>object</kind>
         <file>timers.obj</file>
         <name>timers.obj</name>
      </input_file>
      <input_file id="fl-c">
         <path>.\third_party\FreeRTOS\Source\portable\CCS\ARM_CM4F\</path>
         <kind>object</kind>
         <file>port.obj</file>
         <name>port.obj</name>
      </input_file>
      <input_file id="fl-d">
         <path>.\third_party\FreeRTOS\Source\portable\CCS\ARM_CM4F\</path>
         <kind>object</kind>
         <file>portasm.obj</file>
         <name>portasm.obj</name>
      </input_file>
      <input_file id="fl-e">
         <path>.\third_party\FreeRTOS\Source\portable\MemMang\</path>
         <kind>object</kind>
         <file>heap_2.obj</file>
         <name>heap_2.obj</name>
      </input_file>
      <input_file id="fl-f">
         <path>.\utils\</path>
         <kind>object</kind>
         <file>uartstdio.obj</file>
         <name>uartstdio.obj</name>
      </input_file>
      <input_file id="fl-10">
         <path>.\utils\</path>
         <kind>object</kind>
         <file>ustdlib.obj</file>
         <name>ustdlib.obj</name>
      </input_file>
      <input_file id="fl-15">
         <kind>object</kind>
         <file>&lt;internal&gt;</file>
         <name>&lt;internal&gt;</name>
      </input_file>
      <input_file id="fl-cb">
         <path>C:\ti\ccs1281\ccs\tools\compiler\ti-cgt-arm_20.2.7.LTS\lib\</path>
         <kind>archive</kind>
         <file>rtsv7M4_T_le_v4SPD16_eabi.lib</file>
         <name>memcpy_t2.asm.obj</name>
      </input_file>
      <input_file id="fl-cc">
         <path>C:\ti\ccs1281\ccs\tools\compiler\ti-cgt-arm_20.2.7.LTS\lib\</path>
         <kind>archive</kind>
         <file>rtsv7M4_T_le_v4SPD16_eabi.lib</file>
         <name>memset_t2.asm.obj</name>
      </input_file>
      <input_file id="fl-cd">
         <path>C:\ti\ccs1281\ccs\tools\compiler\ti-cgt-arm_20.2.7.LTS\lib\</path>
         <kind>archive</kind>
         <file>rtsv7M4_T_le_v4SPD16_eabi.lib</file>
         <name>u_divt2.asm.obj</name>
      </input_file>
      <input_file id="fl-ce">
         <path>C:\ti\ccs1281\ccs\tools\compiler\ti-cgt-arm_20.2.7.LTS\lib\</path>
         <kind>archive</kind>
         <file>rtsv7M4_T_le_v4SPD16_eabi.lib</file>
         <name>copy_zero_init.c.obj</name>
      </input_file>
      <input_file id="fl-cf">
         <path>C:\ti\ccs1281\ccs\tools\compiler\ti-cgt-arm_20.2.7.LTS\lib\</path>
         <kind>archive</kind>
         <file>rtsv7M4_T_le_v4SPD16_eabi.lib</file>
         <name>copy_decompress_none.c.obj</name>
      </input_file>
      <input_file id="fl-d0">
         <path>C:\ti\ccs1281\ccs\tools\compiler\ti-cgt-arm_20.2.7.LTS\lib\</path>
         <kind>archive</kind>
         <file>rtsv7M4_T_le_v4SPD16_eabi.lib</file>
         <name>copy_decompress_lzss.c.obj</name>
      </input_file>
      <input_file id="fl-d1">
         <path>C:\ti\ccs1281\ccs\tools\compiler\ti-cgt-arm_20.2.7.LTS\lib\</path>
         <kind>archive</kind>
         <file>rtsv7M4_T_le_v4SPD16_eabi.lib</file>
         <name>boot_cortex_m.c.obj</name>
      </input_file>
      <input_file id="fl-d2">
         <path>C:\ti\ccs1281\ccs\tools\compiler\ti-cgt-arm_20.2.7.LTS\lib\</path>
         <kind>archive</kind>
         <file>rtsv7M4_T_le_v4SPD16_eabi.lib</file>
         <name>div0.asm.obj</name>
      </input_file>
      <input_file id="fl-d3">
         <path>C:\ti\ccs1281\ccs\tools\compiler\ti-cgt-arm_20.2.7.LTS\lib\</path>
         <kind>archive</kind>
         <file>rtsv7M4_T_le_v4SPD16_eabi.lib</file>
         <name>autoinit.c.obj</name>
      </input_file>
      <input_file id="fl-d4">
         <path>C:\ti\ccs1281\ccs\tools\compiler\ti-cgt-arm_20.2.7.LTS\lib\</path>
         <kind>archive</kind>
         <file>rtsv7M4_T_le_v4SPD16_eabi.lib</file>
         <name>pre_init.c.obj</name>
      </input_file>
      <input_file id="fl-d5">
         <path>C:\ti\ccs1281\ccs\tools\compiler\ti-cgt-arm_20.2.7.LTS\lib\</path>
         <kind>archive</kind>
         <file>rtsv7M4_T_le_v4SPD16_eabi.lib</file>
         <name>cpy_tbl.c.obj</name>
      </input_file>
      <input_file id="fl-d6">
         <path>C:\ti\ccs1281\ccs\tools\compiler\ti-cgt-arm_20.2.7.LTS\lib\</path>
         <kind>archive</kind>
         <file>rtsv7M4_T_le_v4SPD16_eabi.lib</file>
         <name>exit.c.obj</name>
      </input_file>
      <input_file id="fl-d7">
         <path>C:\ti\ccs1281\ccs\tools\compiler\ti-cgt-arm_20.2.7.LTS\lib\</path>
         <kind>archive</kind>
         <file>rtsv7M4_T_le_v4SPD16_eabi.lib</file>
         <name>_lock.c.obj</name>
      </input_file>
      <input_file id="fl-d8">
         <path>C:\ti\ccs1281\ccs\tools\compiler\ti-cgt-arm_20.2.7.LTS\lib\</path>
         <kind>archive</kind>
         <file>rtsv7M4_T_le_v4SPD16_eabi.lib</file>
         <name>args_main.c.obj</name>
      </input_file>
      <input_file id="fl-d9">
         <path>C:\ti\TivaWare_C_Series-2.2.0.295\driverlib\ccs\Debug\</path>
         <kind>archive</kind>
         <file>driverlib.lib</file>
         <name>gpio.obj</name>
      </input_file>
      <input_file id="fl-da">
         <path>C:\ti\TivaWare_C_Series-2.2.0.295\driverlib\ccs\Debug\</path>
         <kind>archive</kind>
         <file>driverlib.lib</file>
         <name>interrupt.obj</name>
      </input_file>
      <input_file id="fl-db">
         <path>C:\ti\TivaWare_C_Series-2.2.0.295\driverlib\ccs\Debug\</path>
         <kind>archive</kind>
         <file>driverlib.lib</file>
         <name>sysctl.obj</name>
      </input_file>
      <input_file id="fl-dc">
         <path>C:\ti\TivaWare_C_Series-2.2.0.295\driverlib\ccs\Debug\</path>
         <kind>archive</kind>
         <file>driverlib.lib</file>
         <name>uart.obj</name>
      </input_file>
      <input_file id="fl-dd">
         <path>C:\ti\TivaWare_C_Series-2.2.0.295\driverlib\ccs\Debug\</path>
         <kind>archive</kind>
         <file>driverlib.lib</file>
         <name>cpu.obj</name>
      </input_file>
   </input_file_list>
   <object_component_list>
      <object_component id="oc-13">
         <name>.intvecs</name>
         <load_address>0x0</load_address>
         <run_address>0x0</run_address>
         <size>0x26c</size>
         <input_file_ref idref="fl-5"/>
      </object_component>
      <object_component id="oc-434">
         <name>.text:UARTvprintf</name>
         <load_address>0x26c</load_address>
         <run_address>0x26c</run_address>
         <size>0x30c</size>
         <input_file_ref idref="fl-f"/>
      </object_component>
      <object_component id="oc-271">
         <name>.text:GPIOPadConfigSet</name>
         <load_address>0x578</load_address>
         <run_address>0x578</run_address>
         <size>0x16c</size>
         <input_file_ref idref="fl-d9"/>
      </object_component>
      <object_component id="oc-2ee">
         <name>.text:xQueueGenericReceive</name>
         <load_address>0x6e4</load_address>
         <run_address>0x6e4</run_address>
         <size>0x168</size>
         <input_file_ref idref="fl-9"/>
      </object_component>
      <object_component id="oc-215">
         <name>.text:xTaskGenericCreate</name>
         <load_address>0x84c</load_address>
         <run_address>0x84c</run_address>
         <size>0x134</size>
         <input_file_ref idref="fl-a"/>
      </object_component>
      <object_component id="oc-a2">
         <name>.text:xTaskIncrementTick</name>
         <load_address>0x980</load_address>
         <run_address>0x980</run_address>
         <size>0x134</size>
         <input_file_ref idref="fl-a"/>
      </object_component>
      <object_component id="oc-307">
         <name>.text:xQueueGenericSend</name>
         <load_address>0xab4</load_address>
         <run_address>0xab4</run_address>
         <size>0x128</size>
         <input_file_ref idref="fl-9"/>
      </object_component>
      <object_component id="oc-1fc">
         <name>.text:PinoutSet</name>
         <load_address>0xbdc</load_address>
         <run_address>0xbdc</run_address>
         <size>0x108</size>
         <input_file_ref idref="fl-6"/>
      </object_component>
      <object_component id="oc-2bc">
         <name>.text:pvPortMalloc</name>
         <load_address>0xce4</load_address>
         <run_address>0xce4</run_address>
         <size>0x108</size>
         <input_file_ref idref="fl-e"/>
      </object_component>
      <object_component id="oc-3ab">
         <name>.text:xTaskResumeAll</name>
         <load_address>0xdec</load_address>
         <run_address>0xdec</run_address>
         <size>0xf8</size>
         <input_file_ref idref="fl-a"/>
      </object_component>
      <object_component id="oc-1f6">
         <name>.text:SysCtlClockSet</name>
         <load_address>0xee4</load_address>
         <run_address>0xee4</run_address>
         <size>0xf4</size>
         <input_file_ref idref="fl-db"/>
      </object_component>
      <object_component id="oc-40">
         <name>.text</name>
         <load_address>0xfd8</load_address>
         <run_address>0xfd8</run_address>
         <size>0xd2</size>
         <input_file_ref idref="fl-d"/>
      </object_component>
      <object_component id="oc-34">
         <name>.text:FaultISR</name>
         <load_address>0x10aa</load_address>
         <run_address>0x10aa</run_address>
         <size>0x2</size>
         <input_file_ref idref="fl-5"/>
      </object_component>
      <object_component id="oc-301">
         <name>.text:ulTaskNotifyTake</name>
         <load_address>0x10ac</load_address>
         <run_address>0x10ac</run_address>
         <size>0xd0</size>
         <input_file_ref idref="fl-a"/>
      </object_component>
      <object_component id="oc-40b">
         <name>.text:vTaskPriorityInherit</name>
         <load_address>0x117c</load_address>
         <run_address>0x117c</run_address>
         <size>0xc8</size>
         <input_file_ref idref="fl-a"/>
      </object_component>
      <object_component id="oc-bb">
         <name>.text:vTaskNotifyGiveFromISR</name>
         <load_address>0x1244</load_address>
         <run_address>0x1244</run_address>
         <size>0xbc</size>
         <input_file_ref idref="fl-a"/>
      </object_component>
      <object_component id="oc-427">
         <name>.text:prvCopyDataToQueue</name>
         <load_address>0x1300</load_address>
         <run_address>0x1300</run_address>
         <size>0xba</size>
         <input_file_ref idref="fl-9"/>
      </object_component>
      <object_component id="oc-3a">
         <name>.text:IntDefaultHandler</name>
         <load_address>0x13ba</load_address>
         <run_address>0x13ba</run_address>
         <size>0x2</size>
         <input_file_ref idref="fl-5"/>
      </object_component>
      <object_component id="oc-9b">
         <name>.text:vTaskSwitchContext</name>
         <load_address>0x13bc</load_address>
         <run_address>0x13bc</run_address>
         <size>0xb8</size>
         <input_file_ref idref="fl-a"/>
      </object_component>
      <object_component id="oc-4b2">
         <name>.text:xTaskPriorityDisinherit</name>
         <load_address>0x1474</load_address>
         <run_address>0x1474</run_address>
         <size>0xa4</size>
         <input_file_ref idref="fl-a"/>
      </object_component>
      <object_component id="oc-2c2">
         <name>.text:xQueueGenericReset</name>
         <load_address>0x1518</load_address>
         <run_address>0x1518</run_address>
         <size>0xa0</size>
         <input_file_ref idref="fl-9"/>
      </object_component>
      <object_component id="oc-2f4">
         <name>.text:LEDWrite</name>
         <load_address>0x15b8</load_address>
         <run_address>0x15b8</run_address>
         <size>0x9c</size>
         <input_file_ref idref="fl-6"/>
      </object_component>
      <object_component id="oc-5f">
         <name>.text</name>
         <load_address>0x1654</load_address>
         <run_address>0x1654</run_address>
         <size>0x9c</size>
         <input_file_ref idref="fl-cb"/>
      </object_component>
      <object_component id="oc-2cf">
         <name>.text:prvInitialiseTCBVariables</name>
         <load_address>0x16f0</load_address>
         <run_address>0x16f0</run_address>
         <size>0x98</size>
         <input_file_ref idref="fl-a"/>
      </object_component>
      <object_component id="oc-16e">
         <name>.text:vBlinkyTask</name>
         <load_address>0x1788</load_address>
         <run_address>0x1788</run_address>
         <size>0x98</size>
         <input_file_ref idref="fl-2"/>
      </object_component>
      <object_component id="oc-3bc">
         <name>.text:xTaskRemoveFromEventList</name>
         <load_address>0x1820</load_address>
         <run_address>0x1820</run_address>
         <size>0x90</size>
         <input_file_ref idref="fl-a"/>
      </object_component>
      <object_component id="oc-3ff">
         <name>.text:xTaskCheckForTimeOut</name>
         <load_address>0x18b0</load_address>
         <run_address>0x18b0</run_address>
         <size>0x84</size>
         <input_file_ref idref="fl-a"/>
      </object_component>
      <object_component id="oc-417">
         <name>.text:prvUnlockQueue</name>
         <load_address>0x1934</load_address>
         <run_address>0x1934</run_address>
         <size>0x82</size>
         <input_file_ref idref="fl-9"/>
      </object_component>
      <object_component id="oc-eb">
         <name>.text</name>
         <load_address>0x19b6</load_address>
         <run_address>0x19b6</run_address>
         <size>0x7a</size>
         <input_file_ref idref="fl-cc"/>
      </object_component>
      <object_component id="oc-290">
         <name>.text:UARTStdioConfig</name>
         <load_address>0x1a30</load_address>
         <run_address>0x1a30</run_address>
         <size>0x74</size>
         <input_file_ref idref="fl-f"/>
      </object_component>
      <object_component id="oc-2e1">
         <name>.text:prvInitialiseTaskLists</name>
         <load_address>0x1aa4</load_address>
         <run_address>0x1aa4</run_address>
         <size>0x74</size>
         <input_file_ref idref="fl-a"/>
      </object_component>
      <object_component id="oc-174">
         <name>.text:vTaskStartScheduler</name>
         <load_address>0x1b18</load_address>
         <run_address>0x1b18</run_address>
         <size>0x70</size>
         <input_file_ref idref="fl-a"/>
      </object_component>
      <object_component id="oc-20f">
         <name>.text:xQueueGenericCreate</name>
         <load_address>0x1b88</load_address>
         <run_address>0x1b88</run_address>
         <size>0x70</size>
         <input_file_ref idref="fl-9"/>
      </object_component>
      <object_component id="oc-2fa">
         <name>.text:vTaskDelay</name>
         <load_address>0x1bf8</load_address>
         <run_address>0x1bf8</run_address>
         <size>0x6c</size>
         <input_file_ref idref="fl-a"/>
      </object_component>
      <object_component id="oc-2af">
         <name>.text:IntEnable</name>
         <load_address>0x1c64</load_address>
         <run_address>0x1c64</run_address>
         <size>0x68</size>
         <input_file_ref idref="fl-da"/>
      </object_component>
      <object_component id="oc-16">
         <name>.text:decompress:lzss:__TI_decompress_lzss</name>
         <load_address>0x1ccc</load_address>
         <run_address>0x1ccc</run_address>
         <size>0x68</size>
         <input_file_ref idref="fl-d0"/>
      </object_component>
      <object_component id="oc-31f">
         <name>.text:prvCheckTasksWaitingTermination</name>
         <load_address>0x1d34</load_address>
         <run_address>0x1d34</run_address>
         <size>0x68</size>
         <input_file_ref idref="fl-a"/>
      </object_component>
      <object_component id="oc-3c9">
         <name>.text:vPortFree</name>
         <load_address>0x1d9c</load_address>
         <run_address>0x1d9c</run_address>
         <size>0x68</size>
         <input_file_ref idref="fl-e"/>
      </object_component>
      <object_component id="oc-411">
         <name>.text:vTaskPlaceOnEventList</name>
         <load_address>0x1e04</load_address>
         <run_address>0x1e04</run_address>
         <size>0x68</size>
         <input_file_ref idref="fl-a"/>
      </object_component>
      <object_component id="oc-4a3">
         <name>.text:vListInsert</name>
         <load_address>0x1e6c</load_address>
         <run_address>0x1e6c</run_address>
         <size>0x66</size>
         <input_file_ref idref="fl-8"/>
      </object_component>
      <object_component id="oc-2e">
         <name>.text:NmiSR</name>
         <load_address>0x1ed2</load_address>
         <run_address>0x1ed2</run_address>
         <size>0x2</size>
         <input_file_ref idref="fl-5"/>
      </object_component>
      <object_component id="oc-4ba">
         <name>.text:UARTwrite</name>
         <load_address>0x1ed4</load_address>
         <run_address>0x1ed4</run_address>
         <size>0x64</size>
         <input_file_ref idref="fl-f"/>
      </object_component>
      <object_component id="oc-4b">
         <name>.text:xButtonsHandler</name>
         <load_address>0x1f38</load_address>
         <run_address>0x1f38</run_address>
         <size>0x60</size>
         <input_file_ref idref="fl-2"/>
      </object_component>
      <object_component id="oc-2c9">
         <name>.text:prvAllocateTCBAndStack</name>
         <load_address>0x1f98</load_address>
         <run_address>0x1f98</run_address>
         <size>0x5e</size>
         <input_file_ref idref="fl-a"/>
      </object_component>
      <object_component id="oc-4da">
         <name>.text</name>
         <load_address>0x1ff6</load_address>
         <run_address>0x1ff6</run_address>
         <size>0x2</size>
         <input_file_ref idref="fl-d2"/>
      </object_component>
      <object_component id="oc-297">
         <name>.text:ButtonsInit</name>
         <load_address>0x1ff8</load_address>
         <run_address>0x1ff8</run_address>
         <size>0x5c</size>
         <input_file_ref idref="fl-6"/>
      </object_component>
      <object_component id="oc-41f">
         <name>.text:prvAddCurrentTaskToDelayedList</name>
         <load_address>0x2054</load_address>
         <run_address>0x2054</run_address>
         <size>0x5c</size>
         <input_file_ref idref="fl-a"/>
      </object_component>
      <object_component id="oc-2d5">
         <name>.text:pxPortInitialiseStack</name>
         <load_address>0x20b0</load_address>
         <run_address>0x20b0</run_address>
         <size>0x5c</size>
         <input_file_ref idref="fl-c"/>
      </object_component>
      <object_component id="oc-2a3">
         <name>.text:GPIOIntTypeSet</name>
         <load_address>0x210c</load_address>
         <run_address>0x210c</run_address>
         <size>0x58</size>
         <input_file_ref idref="fl-d9"/>
      </object_component>
      <object_component id="oc-221">
         <name>.text:prvButtonTask</name>
         <load_address>0x2164</load_address>
         <run_address>0x2164</run_address>
         <size>0x58</size>
         <input_file_ref idref="fl-2"/>
      </object_component>
      <object_component id="oc-21b">
         <name>.text:prvLEDBlinkTask</name>
         <load_address>0x21bc</load_address>
         <run_address>0x21bc</run_address>
         <size>0x58</size>
         <input_file_ref idref="fl-2"/>
      </object_component>
      <object_component id="oc-3a5">
         <name>.text:prvHeapInit</name>
         <load_address>0x2214</load_address>
         <run_address>0x2214</run_address>
         <size>0x50</size>
         <input_file_ref idref="fl-e"/>
      </object_component>
      <object_component id="oc-27e">
         <name>.text:GPIOPinConfigure</name>
         <load_address>0x2264</load_address>
         <run_address>0x2264</run_address>
         <size>0x4c</size>
         <input_file_ref idref="fl-d9"/>
      </object_component>
      <object_component id="oc-202">
         <name>.text:prvConfigureUART</name>
         <load_address>0x22b0</load_address>
         <run_address>0x22b0</run_address>
         <size>0x4c</size>
         <input_file_ref idref="fl-4"/>
      </object_component>
      <object_component id="oc-11f">
         <name>.text:uxListRemove</name>
         <load_address>0x22fc</load_address>
         <run_address>0x22fc</run_address>
         <size>0x48</size>
         <input_file_ref idref="fl-8"/>
      </object_component>
      <object_component id="oc-384">
         <name>.text:_GPIOIntNumberGet</name>
         <load_address>0x2344</load_address>
         <run_address>0x2344</run_address>
         <size>0x44</size>
         <input_file_ref idref="fl-d9"/>
      </object_component>
      <object_component id="oc-187">
         <name>.text:__TI_auto_init_nobinit_nopinit:__TI_auto_init_nobinit_nopinit</name>
         <load_address>0x2388</load_address>
         <run_address>0x2388</run_address>
         <size>0x44</size>
         <input_file_ref idref="fl-d3"/>
      </object_component>
      <object_component id="oc-22e">
         <name>.text:xPortStartScheduler</name>
         <load_address>0x23cc</load_address>
         <run_address>0x23cc</run_address>
         <size>0x44</size>
         <input_file_ref idref="fl-c"/>
      </object_component>
      <object_component id="oc-4c0">
         <name>.text</name>
         <load_address>0x2410</load_address>
         <run_address>0x2410</run_address>
         <size>0x40</size>
         <input_file_ref idref="fl-cd"/>
      </object_component>
      <object_component id="oc-3ed">
         <name>.text:prvCopyDataFromQueue</name>
         <load_address>0x2450</load_address>
         <run_address>0x2450</run_address>
         <size>0x3c</size>
         <input_file_ref idref="fl-9"/>
      </object_component>
      <object_component id="oc-119">
         <name>.text:prvResetNextTaskUnblockTime</name>
         <load_address>0x248c</load_address>
         <run_address>0x248c</run_address>
         <size>0x3c</size>
         <input_file_ref idref="fl-a"/>
      </object_component>
      <object_component id="oc-125">
         <name>.text:vListInsertEnd</name>
         <load_address>0x24c8</load_address>
         <run_address>0x24c8</run_address>
         <size>0x3c</size>
         <input_file_ref idref="fl-8"/>
      </object_component>
      <object_component id="oc-227">
         <name>.text:prvUARTStatusTask</name>
         <load_address>0x2504</load_address>
         <run_address>0x2504</run_address>
         <size>0x38</size>
         <input_file_ref idref="fl-2"/>
      </object_component>
      <object_component id="oc-38a">
         <name>.text:IntRegister</name>
         <load_address>0x253c</load_address>
         <run_address>0x253c</run_address>
         <size>0x34</size>
         <input_file_ref idref="fl-da"/>
      </object_component>
      <object_component id="oc-278">
         <name>.text:SysCtlPeripheralEnable</name>
         <load_address>0x2570</load_address>
         <run_address>0x2570</run_address>
         <size>0x34</size>
         <input_file_ref idref="fl-db"/>
      </object_component>
      <object_component id="oc-7d">
         <name>.text:_c_int00_noargs:_c_int00_noargs</name>
         <load_address>0x25a4</load_address>
         <run_address>0x25a4</run_address>
         <size>0x34</size>
         <input_file_ref idref="fl-d1"/>
      </object_component>
      <object_component id="oc-209">
         <name>.text:prvConfigureButton</name>
         <load_address>0x25d8</load_address>
         <run_address>0x25d8</run_address>
         <size>0x34</size>
         <input_file_ref idref="fl-2"/>
      </object_component>
      <object_component id="oc-3c2">
         <name>.text:vListInitialise</name>
         <load_address>0x260c</load_address>
         <run_address>0x260c</run_address>
         <size>0x30</size>
         <input_file_ref idref="fl-8"/>
      </object_component>
      <object_component id="oc-369">
         <name>.text:GPIODirModeSet</name>
         <load_address>0x263c</load_address>
         <run_address>0x263c</run_address>
         <size>0x2c</size>
         <input_file_ref idref="fl-d9"/>
      </object_component>
      <object_component id="oc-45">
         <name>.text:xPortSysTickHandler</name>
         <load_address>0x2668</load_address>
         <run_address>0x2668</run_address>
         <size>0x2c</size>
         <input_file_ref idref="fl-c"/>
      </object_component>
      <object_component id="oc-42d">
         <name>.text:prvIsQueueFull</name>
         <load_address>0x2694</load_address>
         <run_address>0x2694</run_address>
         <size>0x26</size>
         <input_file_ref idref="fl-9"/>
      </object_component>
      <object_component id="oc-30e">
         <name>.text:UARTprintf</name>
         <load_address>0x26ba</load_address>
         <run_address>0x26ba</run_address>
         <size>0x24</size>
         <input_file_ref idref="fl-f"/>
      </object_component>
      <object_component id="oc-325">
         <name>.text:vApplicationIdleHook</name>
         <load_address>0x26de</load_address>
         <run_address>0x26de</run_address>
         <size>0x2</size>
         <input_file_ref idref="fl-4"/>
      </object_component>
      <object_component id="oc-2db">
         <name>.text:vPortEnterCritical</name>
         <load_address>0x26e0</load_address>
         <run_address>0x26e0</run_address>
         <size>0x24</size>
         <input_file_ref idref="fl-c"/>
      </object_component>
      <object_component id="oc-3f9">
         <name>.text:vTaskSetTimeOutState</name>
         <load_address>0x2704</load_address>
         <run_address>0x2704</run_address>
         <size>0x24</size>
         <input_file_ref idref="fl-a"/>
      </object_component>
      <object_component id="oc-405">
         <name>.text:prvIsQueueEmpty</name>
         <load_address>0x2728</load_address>
         <run_address>0x2728</run_address>
         <size>0x20</size>
         <input_file_ref idref="fl-9"/>
      </object_component>
      <object_component id="oc-3f3">
         <name>.text:pvTaskIncrementMutexHeldCount</name>
         <load_address>0x2748</load_address>
         <run_address>0x2748</run_address>
         <size>0x1c</size>
         <input_file_ref idref="fl-a"/>
      </object_component>
      <object_component id="oc-2e7">
         <name>.text:vPortExitCritical</name>
         <load_address>0x2764</load_address>
         <run_address>0x2764</run_address>
         <size>0x1c</size>
         <input_file_ref idref="fl-c"/>
      </object_component>
      <object_component id="oc-315">
         <name>.text:vPortSetupTimerInterrupt</name>
         <load_address>0x2780</load_address>
         <run_address>0x2780</run_address>
         <size>0x1c</size>
         <input_file_ref idref="fl-c"/>
      </object_component>
      <object_component id="oc-29d">
         <name>.text:GPIOIntRegister</name>
         <load_address>0x279c</load_address>
         <run_address>0x279c</run_address>
         <size>0x18</size>
         <input_file_ref idref="fl-d9"/>
      </object_component>
      <object_component id="oc-26b">
         <name>.text:GPIOUnlockPin</name>
         <load_address>0x27b4</load_address>
         <run_address>0x27b4</run_address>
         <size>0x18</size>
         <input_file_ref idref="fl-d9"/>
      </object_component>
      <object_component id="oc-168">
         <name>.text:prvSetupHardware</name>
         <load_address>0x27cc</load_address>
         <run_address>0x27cc</run_address>
         <size>0x18</size>
         <input_file_ref idref="fl-4"/>
      </object_component>
      <object_component id="oc-28a">
         <name>.text:GPIOPinTypeUART</name>
         <load_address>0x27e4</load_address>
         <run_address>0x27e4</run_address>
         <size>0x16</size>
         <input_file_ref idref="fl-d9"/>
      </object_component>
      <object_component id="oc-444">
         <name>.text:prvDeleteTCB</name>
         <load_address>0x27fa</load_address>
         <run_address>0x27fa</run_address>
         <size>0x14</size>
         <input_file_ref idref="fl-a"/>
      </object_component>
      <object_component id="oc-b5">
         <name>.text:xTaskGetTickCount</name>
         <load_address>0x2810</load_address>
         <run_address>0x2810</run_address>
         <size>0x14</size>
         <input_file_ref idref="fl-a"/>
      </object_component>
      <object_component id="oc-1d6">
         <name>.text:IntMasterDisable</name>
         <load_address>0x2824</load_address>
         <run_address>0x2824</run_address>
         <size>0x10</size>
         <input_file_ref idref="fl-da"/>
      </object_component>
      <object_component id="oc-2b5">
         <name>.text:IntMasterEnable</name>
         <load_address>0x2834</load_address>
         <run_address>0x2834</run_address>
         <size>0x10</size>
         <input_file_ref idref="fl-da"/>
      </object_component>
      <object_component id="oc-f7">
         <name>.text:main</name>
         <load_address>0x2844</load_address>
         <run_address>0x2844</run_address>
         <size>0x10</size>
         <input_file_ref idref="fl-4"/>
      </object_component>
      <object_component id="oc-3d7">
         <name>.text:prvTaskExitError</name>
         <load_address>0x2854</load_address>
         <run_address>0x2854</run_address>
         <size>0x10</size>
         <input_file_ref idref="fl-c"/>
      </object_component>
      <object_component id="oc-3d0">
         <name>.text:vListInitialiseItem</name>
         <load_address>0x2864</load_address>
         <run_address>0x2864</run_address>
         <size>0x10</size>
         <input_file_ref idref="fl-8"/>
      </object_component>
      <object_component id="oc-39f">
         <name>.text:vTaskSuspendAll</name>
         <load_address>0x2874</load_address>
         <run_address>0x2874</run_address>
         <size>0x10</size>
         <input_file_ref idref="fl-a"/>
      </object_component>
      <object_component id="oc-a9">
         <name>.text:GPIOIntStatus</name>
         <load_address>0x2884</load_address>
         <run_address>0x2884</run_address>
         <size>0xe</size>
         <input_file_ref idref="fl-d9"/>
      </object_component>
      <object_component id="oc-1c">
         <name>.text:decompress:none:__TI_decompress_none</name>
         <load_address>0x2892</load_address>
         <run_address>0x2892</run_address>
         <size>0xe</size>
         <input_file_ref idref="fl-cf"/>
      </object_component>
      <object_component id="oc-234">
         <name>.text:prvIdleTask</name>
         <load_address>0x28a0</load_address>
         <run_address>0x28a0</run_address>
         <size>0xe</size>
         <input_file_ref idref="fl-a"/>
      </object_component>
      <object_component id="oc-25d">
         <name>.text:CPUcpsid</name>
         <load_address>0x28ae</load_address>
         <run_address>0x28ae</run_address>
         <size>0xc</size>
         <input_file_ref idref="fl-dd"/>
      </object_component>
      <object_component id="oc-398">
         <name>.text:CPUcpsie</name>
         <load_address>0x28ba</load_address>
         <run_address>0x28ba</run_address>
         <size>0xc</size>
         <input_file_ref idref="fl-dd"/>
      </object_component>
      <object_component id="oc-2a9">
         <name>.text:GPIOIntEnable</name>
         <load_address>0x28c6</load_address>
         <run_address>0x28c6</run_address>
         <size>0xc</size>
         <input_file_ref idref="fl-d9"/>
      </object_component>
      <object_component id="oc-71">
         <name>.text:decompress:ZI:__TI_zero_init</name>
         <load_address>0x28d2</load_address>
         <run_address>0x28d2</run_address>
         <size>0xc</size>
         <input_file_ref idref="fl-ce"/>
      </object_component>
      <object_component id="oc-10f">
         <name>.text:vApplicationStackOverflowHook</name>
         <load_address>0x28de</load_address>
         <run_address>0x28de</run_address>
         <size>0xc</size>
         <input_file_ref idref="fl-4"/>
      </object_component>
      <object_component id="oc-4aa">
         <name>.text:vTaskMissedYield</name>
         <load_address>0x28ec</load_address>
         <run_address>0x28ec</run_address>
         <size>0xc</size>
         <input_file_ref idref="fl-a"/>
      </object_component>
      <object_component id="oc-af">
         <name>.text:GPIOIntClear</name>
         <load_address>0x28f8</load_address>
         <run_address>0x28f8</run_address>
         <size>0x6</size>
         <input_file_ref idref="fl-d9"/>
      </object_component>
      <object_component id="oc-28">
         <name>.text:ResetISR</name>
         <load_address>0x28fe</load_address>
         <run_address>0x28fe</run_address>
         <size>0x6</size>
         <input_file_ref idref="fl-5"/>
      </object_component>
      <object_component id="oc-268">
         <name>.text:SysCtlDelay</name>
         <load_address>0x2904</load_address>
         <run_address>0x2904</run_address>
         <size>0x6</size>
         <input_file_ref idref="fl-db"/>
      </object_component>
      <object_component id="oc-284">
         <name>.text:UARTClockSourceSet</name>
         <load_address>0x290a</load_address>
         <run_address>0x290a</run_address>
         <size>0x6</size>
         <input_file_ref idref="fl-dc"/>
      </object_component>
      <object_component id="oc-f1">
         <name>.text:_system_pre_init</name>
         <load_address>0x2910</load_address>
         <run_address>0x2910</run_address>
         <size>0x4</size>
         <input_file_ref idref="fl-d4"/>
      </object_component>
      <object_component id="oc-17b">
         <name>.text:abort:abort</name>
         <load_address>0x2914</load_address>
         <run_address>0x2914</run_address>
         <size>0x4</size>
         <input_file_ref idref="fl-d6"/>
      </object_component>
      <object_component id="oc-470">
         <name>.const:g_ppui32GPIOIntMapSnowflake</name>
         <load_address>0x2918</load_address>
         <run_address>0x2918</run_address>
         <size>0xd8</size>
         <input_file_ref idref="fl-d9"/>
      </object_component>
      <object_component id="oc-46d">
         <name>.const:g_ppui32GPIOIntMapBlizzard</name>
         <load_address>0x29f0</load_address>
         <run_address>0x29f0</run_address>
         <size>0xc0</size>
         <input_file_ref idref="fl-d9"/>
      </object_component>
      <object_component id="oc-363">
         <name>.const:g_pui32GPIOBaseAddrs</name>
         <load_address>0x2ab0</load_address>
         <run_address>0x2ab0</run_address>
         <size>0x90</size>
         <input_file_ref idref="fl-d9"/>
      </object_component>
      <object_component id="oc-393">
         <name>.const:g_pui32EnRegs</name>
         <load_address>0x2b40</load_address>
         <run_address>0x2b40</run_address>
         <size>0x14</size>
         <input_file_ref idref="fl-da"/>
      </object_component>
      <object_component id="oc-4e0">
         <name>.const:.string</name>
         <load_address>0x2b54</load_address>
         <run_address>0x2b54</run_address>
         <size>0x12</size>
         <input_file_ref idref="fl-f"/>
      </object_component>
      <object_component id="oc-379">
         <name>.const:g_ui32UARTBase</name>
         <load_address>0x2b68</load_address>
         <run_address>0x2b68</run_address>
         <size>0xc</size>
         <input_file_ref idref="fl-f"/>
      </object_component>
      <object_component id="oc-370">
         <name>.const:g_ui32UARTPeriph</name>
         <load_address>0x2b74</load_address>
         <run_address>0x2b74</run_address>
         <size>0xc</size>
         <input_file_ref idref="fl-f"/>
      </object_component>
      <object_component id="oc-98">
         <name>.const</name>
         <load_address>0x2b80</load_address>
         <run_address>0x2b80</run_address>
         <size>0x4</size>
         <input_file_ref idref="fl-c"/>
      </object_component>
      <object_component id="oc-4c5">
         <name>.const</name>
         <load_address>0x2b84</load_address>
         <run_address>0x2b84</run_address>
         <size>0x4</size>
         <input_file_ref idref="fl-f"/>
      </object_component>
      <object_component id="oc-514">
         <name>.cinit..data.load</name>
         <load_address>0x2b88</load_address>
         <run_address>0x2b88</run_address>
         <size>0x17</size>
      </object_component>
      <object_component id="oc-511">
         <name>__TI_handler_table</name>
         <load_address>0x2ba0</load_address>
         <run_address>0x2ba0</run_address>
         <size>0xc</size>
      </object_component>
      <object_component id="oc-515">
         <name>.cinit..bss.load</name>
         <load_address>0x2bb0</load_address>
         <run_address>0x2bb0</run_address>
         <size>0x8</size>
      </object_component>
      <object_component id="oc-513">
         <name>.cinit..vtable.load</name>
         <load_address>0x2bb8</load_address>
         <run_address>0x2bb8</run_address>
         <size>0x8</size>
      </object_component>
      <object_component id="oc-512">
         <name>__TI_cinit_table</name>
         <load_address>0x2bc0</load_address>
         <run_address>0x2bc0</run_address>
         <size>0x18</size>
      </object_component>
      <object_component id="oc-474">
         <name>.vtable</name>
         <uninitialized>true</uninitialized>
         <run_address>0x20000000</run_address>
         <size>0x26c</size>
         <input_file_ref idref="fl-da"/>
      </object_component>
      <object_component id="oc-c1">
         <name>.data</name>
         <load_address>0x20006368</load_address>
         <run_address>0x20006368</run_address>
         <size>0x10</size>
         <input_file_ref idref="fl-2"/>
      </object_component>
      <object_component id="oc-37d">
         <name>.data</name>
         <load_address>0x20006385</load_address>
         <run_address>0x20006385</run_address>
         <size>0x3</size>
         <input_file_ref idref="fl-6"/>
      </object_component>
      <object_component id="oc-95">
         <name>.data</name>
         <load_address>0x20006338</load_address>
         <run_address>0x20006338</run_address>
         <size>0x30</size>
         <input_file_ref idref="fl-a"/>
      </object_component>
      <object_component id="oc-31b">
         <name>.data</name>
         <load_address>0x20006388</load_address>
         <run_address>0x20006388</run_address>
         <size>0x4</size>
         <input_file_ref idref="fl-c"/>
      </object_component>
      <object_component id="oc-3b1">
         <name>.data</name>
         <load_address>0x20006378</load_address>
         <run_address>0x20006378</run_address>
         <size>0x8</size>
         <input_file_ref idref="fl-e"/>
      </object_component>
      <object_component id="oc-373">
         <name>.data</name>
         <load_address>0x20006380</load_address>
         <run_address>0x20006380</run_address>
         <size>0x5</size>
         <input_file_ref idref="fl-f"/>
      </object_component>
      <object_component id="oc-115">
         <name>.bss:pxReadyTasksLists</name>
         <uninitialized>true</uninitialized>
         <run_address>0x2000517c</run_address>
         <size>0x140</size>
         <input_file_ref idref="fl-a"/>
      </object_component>
      <object_component id="oc-3df">
         <name>.bss:xDelayedTaskList1</name>
         <uninitialized>true</uninitialized>
         <run_address>0x200052bc</run_address>
         <size>0x14</size>
         <input_file_ref idref="fl-a"/>
      </object_component>
      <object_component id="oc-3e2">
         <name>.bss:xDelayedTaskList2</name>
         <uninitialized>true</uninitialized>
         <run_address>0x200052d0</run_address>
         <size>0x14</size>
         <input_file_ref idref="fl-a"/>
      </object_component>
      <object_component id="oc-12b">
         <name>.bss</name>
         <uninitialized>true</uninitialized>
         <run_address>0x20005320</run_address>
         <size>0x8</size>
         <input_file_ref idref="fl-a"/>
      </object_component>
      <object_component id="oc-13d">
         <name>.bss:xPendingReadyList</name>
         <uninitialized>true</uninitialized>
         <run_address>0x200052e4</run_address>
         <size>0x14</size>
         <input_file_ref idref="fl-a"/>
      </object_component>
      <object_component id="oc-3e5">
         <name>.bss:xTasksWaitingTermination</name>
         <uninitialized>true</uninitialized>
         <run_address>0x2000530c</run_address>
         <size>0x14</size>
         <input_file_ref idref="fl-a"/>
      </object_component>
      <object_component id="oc-3e8">
         <name>.bss:xSuspendedTaskList</name>
         <uninitialized>true</uninitialized>
         <run_address>0x200052f8</run_address>
         <size>0x14</size>
         <input_file_ref idref="fl-a"/>
      </object_component>
      <object_component id="oc-47e">
         <name>.bss:ucHeap</name>
         <uninitialized>true</uninitialized>
         <run_address>0x2000026c</run_address>
         <size>0x4f10</size>
         <input_file_ref idref="fl-e"/>
      </object_component>
      <object_component id="oc-3b4">
         <name>.bss:xStart</name>
         <uninitialized>true</uninitialized>
         <run_address>0x20005330</run_address>
         <size>0x8</size>
         <input_file_ref idref="fl-e"/>
      </object_component>
      <object_component id="oc-3b7">
         <name>.bss:xEnd</name>
         <uninitialized>true</uninitialized>
         <run_address>0x20005328</run_address>
         <size>0x8</size>
         <input_file_ref idref="fl-e"/>
      </object_component>
      <object_component id="oc-25">
         <name>.stack</name>
         <uninitialized>true</uninitialized>
         <run_address>0x20005338</run_address>
         <size>0x4</size>
         <input_file_ref idref="fl-d1"/>
      </object_component>
      <object_component id="oc-517">
         <name>.stack</name>
         <uninitialized>true</uninitialized>
         <run_address>0x20005338</run_address>
         <size>0x0</size>
      </object_component>
      <object_component id="oc-152">
         <name>.debug_info</name>
         <load_address>0x0</load_address>
         <run_address>0x0</run_address>
         <size>0x6fb</size>
         <input_file_ref idref="fl-2"/>
      </object_component>
      <object_component id="oc-c2">
         <name>.debug_info</name>
         <load_address>0x6fb</load_address>
         <run_address>0x6fb</run_address>
         <size>0x17e</size>
         <input_file_ref idref="fl-2"/>
      </object_component>
      <object_component id="oc-16f">
         <name>.debug_info</name>
         <load_address>0x879</load_address>
         <run_address>0x879</run_address>
         <size>0x19a</size>
         <input_file_ref idref="fl-2"/>
      </object_component>
      <object_component id="oc-222">
         <name>.debug_info</name>
         <load_address>0xa13</load_address>
         <run_address>0xa13</run_address>
         <size>0x1ab</size>
         <input_file_ref idref="fl-2"/>
      </object_component>
      <object_component id="oc-21c">
         <name>.debug_info</name>
         <load_address>0xbbe</load_address>
         <run_address>0xbbe</run_address>
         <size>0x1df</size>
         <input_file_ref idref="fl-2"/>
      </object_component>
      <object_component id="oc-228">
         <name>.debug_info</name>
         <load_address>0xd9d</load_address>
         <run_address>0xd9d</run_address>
         <size>0x186</size>
         <input_file_ref idref="fl-2"/>
      </object_component>
      <object_component id="oc-20a">
         <name>.debug_info</name>
         <load_address>0xf23</load_address>
         <run_address>0xf23</run_address>
         <size>0x1a0</size>
         <input_file_ref idref="fl-2"/>
      </object_component>
      <object_component id="oc-4c">
         <name>.debug_info</name>
         <load_address>0x10c3</load_address>
         <run_address>0x10c3</run_address>
         <size>0x1f3</size>
         <input_file_ref idref="fl-2"/>
      </object_component>
      <object_component id="oc-141">
         <name>.debug_info</name>
         <load_address>0x12b6</load_address>
         <run_address>0x12b6</run_address>
         <size>0x2ef</size>
         <input_file_ref idref="fl-2"/>
      </object_component>
      <object_component id="oc-d1">
         <name>.debug_info</name>
         <load_address>0x15a5</load_address>
         <run_address>0x15a5</run_address>
         <size>0x26b</size>
         <input_file_ref idref="fl-2"/>
      </object_component>
      <object_component id="oc-135">
         <name>.debug_info</name>
         <load_address>0x1810</load_address>
         <run_address>0x1810</run_address>
         <size>0x8b</size>
         <input_file_ref idref="fl-2"/>
      </object_component>
      <object_component id="oc-14d">
         <name>.debug_info</name>
         <load_address>0x189b</load_address>
         <run_address>0x189b</run_address>
         <size>0x46</size>
         <input_file_ref idref="fl-2"/>
      </object_component>
      <object_component id="oc-1cf">
         <name>.debug_info</name>
         <load_address>0x18e1</load_address>
         <run_address>0x18e1</run_address>
         <size>0x2c</size>
         <input_file_ref idref="fl-2"/>
      </object_component>
      <object_component id="oc-153">
         <name>.debug_info</name>
         <load_address>0x190d</load_address>
         <run_address>0x190d</run_address>
         <size>0x2a4</size>
         <input_file_ref idref="fl-2"/>
      </object_component>
      <object_component id="oc-ca">
         <name>.debug_info</name>
         <load_address>0x1bb1</load_address>
         <run_address>0x1bb1</run_address>
         <size>0xbb</size>
         <input_file_ref idref="fl-2"/>
      </object_component>
      <object_component id="oc-c5">
         <name>.debug_info</name>
         <load_address>0x1c6c</load_address>
         <run_address>0x1c6c</run_address>
         <size>0x53</size>
         <input_file_ref idref="fl-2"/>
      </object_component>
      <object_component id="oc-43c">
         <name>.debug_info</name>
         <load_address>0x1cbf</load_address>
         <run_address>0x1cbf</run_address>
         <size>0x2c</size>
         <input_file_ref idref="fl-2"/>
      </object_component>
      <object_component id="oc-1c5">
         <name>.debug_info</name>
         <load_address>0x1ceb</load_address>
         <run_address>0x1ceb</run_address>
         <size>0x14c</size>
         <input_file_ref idref="fl-2"/>
      </object_component>
      <object_component id="oc-5a">
         <name>.debug_info</name>
         <load_address>0x1e37</load_address>
         <run_address>0x1e37</run_address>
         <size>0x84</size>
         <input_file_ref idref="fl-3"/>
      </object_component>
      <object_component id="oc-1dd">
         <name>.debug_info</name>
         <load_address>0x1ebb</load_address>
         <run_address>0x1ebb</run_address>
         <size>0x4b3</size>
         <input_file_ref idref="fl-4"/>
      </object_component>
      <object_component id="oc-f8">
         <name>.debug_info</name>
         <load_address>0x236e</load_address>
         <run_address>0x236e</run_address>
         <size>0x13a</size>
         <input_file_ref idref="fl-4"/>
      </object_component>
      <object_component id="oc-16b">
         <name>.debug_info</name>
         <load_address>0x24a8</load_address>
         <run_address>0x24a8</run_address>
         <size>0x14c</size>
         <input_file_ref idref="fl-4"/>
      </object_component>
      <object_component id="oc-203">
         <name>.debug_info</name>
         <load_address>0x25f4</load_address>
         <run_address>0x25f4</run_address>
         <size>0x1bd</size>
         <input_file_ref idref="fl-4"/>
      </object_component>
      <object_component id="oc-327">
         <name>.debug_info</name>
         <load_address>0x27b1</load_address>
         <run_address>0x27b1</run_address>
         <size>0x119</size>
         <input_file_ref idref="fl-4"/>
      </object_component>
      <object_component id="oc-111">
         <name>.debug_info</name>
         <load_address>0x28ca</load_address>
         <run_address>0x28ca</run_address>
         <size>0x1a2</size>
         <input_file_ref idref="fl-4"/>
      </object_component>
      <object_component id="oc-53">
         <name>.debug_info</name>
         <load_address>0x2a6c</load_address>
         <run_address>0x2a6c</run_address>
         <size>0x34d</size>
         <input_file_ref idref="fl-5"/>
      </object_component>
      <object_component id="oc-14">
         <name>.debug_info</name>
         <load_address>0x2db9</load_address>
         <run_address>0x2db9</run_address>
         <size>0xe6</size>
         <input_file_ref idref="fl-5"/>
      </object_component>
      <object_component id="oc-2b">
         <name>.debug_info</name>
         <load_address>0x2e9f</load_address>
         <run_address>0x2e9f</run_address>
         <size>0x117</size>
         <input_file_ref idref="fl-5"/>
      </object_component>
      <object_component id="oc-31">
         <name>.debug_info</name>
         <load_address>0x2fb6</load_address>
         <run_address>0x2fb6</run_address>
         <size>0x107</size>
         <input_file_ref idref="fl-5"/>
      </object_component>
      <object_component id="oc-35">
         <name>.debug_info</name>
         <load_address>0x30bd</load_address>
         <run_address>0x30bd</run_address>
         <size>0x10d</size>
         <input_file_ref idref="fl-5"/>
      </object_component>
      <object_component id="oc-3d">
         <name>.debug_info</name>
         <load_address>0x31ca</load_address>
         <run_address>0x31ca</run_address>
         <size>0x11f</size>
         <input_file_ref idref="fl-5"/>
      </object_component>
      <object_component id="oc-46c">
         <name>.debug_info</name>
         <load_address>0x32e9</load_address>
         <run_address>0x32e9</run_address>
         <size>0x330</size>
         <input_file_ref idref="fl-6"/>
      </object_component>
      <object_component id="oc-37e">
         <name>.debug_info</name>
         <load_address>0x3619</load_address>
         <run_address>0x3619</run_address>
         <size>0x138</size>
         <input_file_ref idref="fl-6"/>
      </object_component>
      <object_component id="oc-1fd">
         <name>.debug_info</name>
         <load_address>0x3751</load_address>
         <run_address>0x3751</run_address>
         <size>0x2a3</size>
         <input_file_ref idref="fl-6"/>
      </object_component>
      <object_component id="oc-2f5">
         <name>.debug_info</name>
         <load_address>0x39f4</load_address>
         <run_address>0x39f4</run_address>
         <size>0x29d</size>
         <input_file_ref idref="fl-6"/>
      </object_component>
      <object_component id="oc-380">
         <name>.debug_info</name>
         <load_address>0x3c91</load_address>
         <run_address>0x3c91</run_address>
         <size>0x30d</size>
         <input_file_ref idref="fl-6"/>
      </object_component>
      <object_component id="oc-298">
         <name>.debug_info</name>
         <load_address>0x3f9e</load_address>
         <run_address>0x3f9e</run_address>
         <size>0x23a</size>
         <input_file_ref idref="fl-6"/>
      </object_component>
      <object_component id="oc-1e2">
         <name>.debug_info</name>
         <load_address>0x41d8</load_address>
         <run_address>0x41d8</run_address>
         <size>0x304</size>
         <input_file_ref idref="fl-8"/>
      </object_component>
      <object_component id="oc-3c5">
         <name>.debug_info</name>
         <load_address>0x44dc</load_address>
         <run_address>0x44dc</run_address>
         <size>0x1eb</size>
         <input_file_ref idref="fl-8"/>
      </object_component>
      <object_component id="oc-3d2">
         <name>.debug_info</name>
         <load_address>0x46c7</load_address>
         <run_address>0x46c7</run_address>
         <size>0x1f3</size>
         <input_file_ref idref="fl-8"/>
      </object_component>
      <object_component id="oc-126">
         <name>.debug_info</name>
         <load_address>0x48ba</load_address>
         <run_address>0x48ba</run_address>
         <size>0x248</size>
         <input_file_ref idref="fl-8"/>
      </object_component>
      <object_component id="oc-4a4">
         <name>.debug_info</name>
         <load_address>0x4b02</load_address>
         <run_address>0x4b02</run_address>
         <size>0x274</size>
         <input_file_ref idref="fl-8"/>
      </object_component>
      <object_component id="oc-121">
         <name>.debug_info</name>
         <load_address>0x4d76</load_address>
         <run_address>0x4d76</run_address>
         <size>0x21f</size>
         <input_file_ref idref="fl-8"/>
      </object_component>
      <object_component id="oc-1ca">
         <name>.debug_info</name>
         <load_address>0x4f95</load_address>
         <run_address>0x4f95</run_address>
         <size>0x110</size>
         <input_file_ref idref="fl-8"/>
      </object_component>
      <object_component id="oc-25b">
         <name>.debug_info</name>
         <load_address>0x50a5</load_address>
         <run_address>0x50a5</run_address>
         <size>0x755</size>
         <input_file_ref idref="fl-9"/>
      </object_component>
      <object_component id="oc-2c4">
         <name>.debug_info</name>
         <load_address>0x57fa</load_address>
         <run_address>0x57fa</run_address>
         <size>0x2c6</size>
         <input_file_ref idref="fl-9"/>
      </object_component>
      <object_component id="oc-211">
         <name>.debug_info</name>
         <load_address>0x5ac0</load_address>
         <run_address>0x5ac0</run_address>
         <size>0x321</size>
         <input_file_ref idref="fl-9"/>
      </object_component>
      <object_component id="oc-309">
         <name>.debug_info</name>
         <load_address>0x5de1</load_address>
         <run_address>0x5de1</run_address>
         <size>0x50b</size>
         <input_file_ref idref="fl-9"/>
      </object_component>
      <object_component id="oc-2f0">
         <name>.debug_info</name>
         <load_address>0x62ec</load_address>
         <run_address>0x62ec</run_address>
         <size>0x59b</size>
         <input_file_ref idref="fl-9"/>
      </object_component>
      <object_component id="oc-42a">
         <name>.debug_info</name>
         <load_address>0x6887</load_address>
         <run_address>0x6887</run_address>
         <size>0x2cc</size>
         <input_file_ref idref="fl-9"/>
      </object_component>
      <object_component id="oc-3f0">
         <name>.debug_info</name>
         <load_address>0x6b53</load_address>
         <run_address>0x6b53</run_address>
         <size>0x23e</size>
         <input_file_ref idref="fl-9"/>
      </object_component>
      <object_component id="oc-41a">
         <name>.debug_info</name>
         <load_address>0x6d91</load_address>
         <run_address>0x6d91</run_address>
         <size>0x2c0</size>
         <input_file_ref idref="fl-9"/>
      </object_component>
      <object_component id="oc-408">
         <name>.debug_info</name>
         <load_address>0x7051</load_address>
         <run_address>0x7051</run_address>
         <size>0x241</size>
         <input_file_ref idref="fl-9"/>
      </object_component>
      <object_component id="oc-430">
         <name>.debug_info</name>
         <load_address>0x7292</load_address>
         <run_address>0x7292</run_address>
         <size>0x23f</size>
         <input_file_ref idref="fl-9"/>
      </object_component>
      <object_component id="oc-34f">
         <name>.debug_info</name>
         <load_address>0x74d1</load_address>
         <run_address>0x74d1</run_address>
         <size>0x1cd</size>
         <input_file_ref idref="fl-9"/>
      </object_component>
      <object_component id="oc-1c0">
         <name>.debug_info</name>
         <load_address>0x769e</load_address>
         <run_address>0x769e</run_address>
         <size>0x35</size>
         <input_file_ref idref="fl-9"/>
      </object_component>
      <object_component id="oc-10b">
         <name>.debug_info</name>
         <load_address>0x76d3</load_address>
         <run_address>0x76d3</run_address>
         <size>0x76e</size>
         <input_file_ref idref="fl-a"/>
      </object_component>
      <object_component id="oc-96">
         <name>.debug_info</name>
         <load_address>0x7e41</load_address>
         <run_address>0x7e41</run_address>
         <size>0x328</size>
         <input_file_ref idref="fl-a"/>
      </object_component>
      <object_component id="oc-116">
         <name>.debug_info</name>
         <load_address>0x8169</load_address>
         <run_address>0x8169</run_address>
         <size>0x124</size>
         <input_file_ref idref="fl-a"/>
      </object_component>
      <object_component id="oc-3e0">
         <name>.debug_info</name>
         <load_address>0x828d</load_address>
         <run_address>0x828d</run_address>
         <size>0x124</size>
         <input_file_ref idref="fl-a"/>
      </object_component>
      <object_component id="oc-3e3">
         <name>.debug_info</name>
         <load_address>0x83b1</load_address>
         <run_address>0x83b1</run_address>
         <size>0x124</size>
         <input_file_ref idref="fl-a"/>
      </object_component>
      <object_component id="oc-12c">
         <name>.debug_info</name>
         <load_address>0x84d5</load_address>
         <run_address>0x84d5</run_address>
         <size>0x166</size>
         <input_file_ref idref="fl-a"/>
      </object_component>
      <object_component id="oc-13e">
         <name>.debug_info</name>
         <load_address>0x863b</load_address>
         <run_address>0x863b</run_address>
         <size>0x124</size>
         <input_file_ref idref="fl-a"/>
      </object_component>
      <object_component id="oc-3e6">
         <name>.debug_info</name>
         <load_address>0x875f</load_address>
         <run_address>0x875f</run_address>
         <size>0x132</size>
         <input_file_ref idref="fl-a"/>
      </object_component>
      <object_component id="oc-3e9">
         <name>.debug_info</name>
         <load_address>0x8891</load_address>
         <run_address>0x8891</run_address>
         <size>0x126</size>
         <input_file_ref idref="fl-a"/>
      </object_component>
      <object_component id="oc-218">
         <name>.debug_info</name>
         <load_address>0x89b7</load_address>
         <run_address>0x89b7</run_address>
         <size>0x44e</size>
         <input_file_ref idref="fl-a"/>
      </object_component>
      <object_component id="oc-2fd">
         <name>.debug_info</name>
         <load_address>0x8e05</load_address>
         <run_address>0x8e05</run_address>
         <size>0x2ae</size>
         <input_file_ref idref="fl-a"/>
      </object_component>
      <object_component id="oc-177">
         <name>.debug_info</name>
         <load_address>0x90b3</load_address>
         <run_address>0x90b3</run_address>
         <size>0x219</size>
         <input_file_ref idref="fl-a"/>
      </object_component>
      <object_component id="oc-3a2">
         <name>.debug_info</name>
         <load_address>0x92cc</load_address>
         <run_address>0x92cc</run_address>
         <size>0x1c6</size>
         <input_file_ref idref="fl-a"/>
      </object_component>
      <object_component id="oc-3ae">
         <name>.debug_info</name>
         <load_address>0x9492</load_address>
         <run_address>0x9492</run_address>
         <size>0x289</size>
         <input_file_ref idref="fl-a"/>
      </object_component>
      <object_component id="oc-b8">
         <name>.debug_info</name>
         <load_address>0x971b</load_address>
         <run_address>0x971b</run_address>
         <size>0x1e4</size>
         <input_file_ref idref="fl-a"/>
      </object_component>
      <object_component id="oc-a5">
         <name>.debug_info</name>
         <load_address>0x98ff</load_address>
         <run_address>0x98ff</run_address>
         <size>0x2fd</size>
         <input_file_ref idref="fl-a"/>
      </object_component>
      <object_component id="oc-9e">
         <name>.debug_info</name>
         <load_address>0x9bfc</load_address>
         <run_address>0x9bfc</run_address>
         <size>0x2a8</size>
         <input_file_ref idref="fl-a"/>
      </object_component>
      <object_component id="oc-414">
         <name>.debug_info</name>
         <load_address>0x9ea4</load_address>
         <run_address>0x9ea4</run_address>
         <size>0x2d3</size>
         <input_file_ref idref="fl-a"/>
      </object_component>
      <object_component id="oc-3bf">
         <name>.debug_info</name>
         <load_address>0xa177</load_address>
         <run_address>0xa177</run_address>
         <size>0x2a9</size>
         <input_file_ref idref="fl-a"/>
      </object_component>
      <object_component id="oc-3fc">
         <name>.debug_info</name>
         <load_address>0xa420</load_address>
         <run_address>0xa420</run_address>
         <size>0x207</size>
         <input_file_ref idref="fl-a"/>
      </object_component>
      <object_component id="oc-402">
         <name>.debug_info</name>
         <load_address>0xa627</load_address>
         <run_address>0xa627</run_address>
         <size>0x2ec</size>
         <input_file_ref idref="fl-a"/>
      </object_component>
      <object_component id="oc-4ad">
         <name>.debug_info</name>
         <load_address>0xa913</load_address>
         <run_address>0xa913</run_address>
         <size>0x1c8</size>
         <input_file_ref idref="fl-a"/>
      </object_component>
      <object_component id="oc-235">
         <name>.debug_info</name>
         <load_address>0xaadb</load_address>
         <run_address>0xaadb</run_address>
         <size>0x23b</size>
         <input_file_ref idref="fl-a"/>
      </object_component>
      <object_component id="oc-2d0">
         <name>.debug_info</name>
         <load_address>0xad16</load_address>
         <run_address>0xad16</run_address>
         <size>0x2fb</size>
         <input_file_ref idref="fl-a"/>
      </object_component>
      <object_component id="oc-2e2">
         <name>.debug_info</name>
         <load_address>0xb011</load_address>
         <run_address>0xb011</run_address>
         <size>0x275</size>
         <input_file_ref idref="fl-a"/>
      </object_component>
      <object_component id="oc-320">
         <name>.debug_info</name>
         <load_address>0xb286</load_address>
         <run_address>0xb286</run_address>
         <size>0x2c7</size>
         <input_file_ref idref="fl-a"/>
      </object_component>
      <object_component id="oc-420">
         <name>.debug_info</name>
         <load_address>0xb54d</load_address>
         <run_address>0xb54d</run_address>
         <size>0x246</size>
         <input_file_ref idref="fl-a"/>
      </object_component>
      <object_component id="oc-2ca">
         <name>.debug_info</name>
         <load_address>0xb793</load_address>
         <run_address>0xb793</run_address>
         <size>0x2e8</size>
         <input_file_ref idref="fl-a"/>
      </object_component>
      <object_component id="oc-445">
         <name>.debug_info</name>
         <load_address>0xba7b</load_address>
         <run_address>0xba7b</run_address>
         <size>0x206</size>
         <input_file_ref idref="fl-a"/>
      </object_component>
      <object_component id="oc-11a">
         <name>.debug_info</name>
         <load_address>0xbc81</load_address>
         <run_address>0xbc81</run_address>
         <size>0x1f1</size>
         <input_file_ref idref="fl-a"/>
      </object_component>
      <object_component id="oc-40c">
         <name>.debug_info</name>
         <load_address>0xbe72</load_address>
         <run_address>0xbe72</run_address>
         <size>0x253</size>
         <input_file_ref idref="fl-a"/>
      </object_component>
      <object_component id="oc-4b3">
         <name>.debug_info</name>
         <load_address>0xc0c5</load_address>
         <run_address>0xc0c5</run_address>
         <size>0x275</size>
         <input_file_ref idref="fl-a"/>
      </object_component>
      <object_component id="oc-3f4">
         <name>.debug_info</name>
         <load_address>0xc33a</load_address>
         <run_address>0xc33a</run_address>
         <size>0x1e6</size>
         <input_file_ref idref="fl-a"/>
      </object_component>
      <object_component id="oc-302">
         <name>.debug_info</name>
         <load_address>0xc520</load_address>
         <run_address>0xc520</run_address>
         <size>0x34f</size>
         <input_file_ref idref="fl-a"/>
      </object_component>
      <object_component id="oc-bc">
         <name>.debug_info</name>
         <load_address>0xc86f</load_address>
         <run_address>0xc86f</run_address>
         <size>0x34b</size>
         <input_file_ref idref="fl-a"/>
      </object_component>
      <object_component id="oc-146">
         <name>.debug_info</name>
         <load_address>0xcbba</load_address>
         <run_address>0xcbba</run_address>
         <size>0x169</size>
         <input_file_ref idref="fl-a"/>
      </object_component>
      <object_component id="oc-1bb">
         <name>.debug_info</name>
         <load_address>0xcd23</load_address>
         <run_address>0xcd23</run_address>
         <size>0x46</size>
         <input_file_ref idref="fl-a"/>
      </object_component>
      <object_component id="oc-10e">
         <name>.debug_info</name>
         <load_address>0xcd69</load_address>
         <run_address>0xcd69</run_address>
         <size>0x399</size>
         <input_file_ref idref="fl-c"/>
      </object_component>
      <object_component id="oc-99">
         <name>.debug_info</name>
         <load_address>0xd102</load_address>
         <run_address>0xd102</run_address>
         <size>0x152</size>
         <input_file_ref idref="fl-c"/>
      </object_component>
      <object_component id="oc-31c">
         <name>.debug_info</name>
         <load_address>0xd254</load_address>
         <run_address>0xd254</run_address>
         <size>0x139</size>
         <input_file_ref idref="fl-c"/>
      </object_component>
      <object_component id="oc-2d8">
         <name>.debug_info</name>
         <load_address>0xd38d</load_address>
         <run_address>0xd38d</run_address>
         <size>0x2c3</size>
         <input_file_ref idref="fl-c"/>
      </object_component>
      <object_component id="oc-3d9">
         <name>.debug_info</name>
         <load_address>0xd650</load_address>
         <run_address>0xd650</run_address>
         <size>0x1f9</size>
         <input_file_ref idref="fl-c"/>
      </object_component>
      <object_component id="oc-22f">
         <name>.debug_info</name>
         <load_address>0xd849</load_address>
         <run_address>0xd849</run_address>
         <size>0x25f</size>
         <input_file_ref idref="fl-c"/>
      </object_component>
      <object_component id="oc-2de">
         <name>.debug_info</name>
         <load_address>0xdaa8</load_address>
         <run_address>0xdaa8</run_address>
         <size>0x20b</size>
         <input_file_ref idref="fl-c"/>
      </object_component>
      <object_component id="oc-2e8">
         <name>.debug_info</name>
         <load_address>0xdcb3</load_address>
         <run_address>0xdcb3</run_address>
         <size>0x209</size>
         <input_file_ref idref="fl-c"/>
      </object_component>
      <object_component id="oc-46">
         <name>.debug_info</name>
         <load_address>0xdebc</load_address>
         <run_address>0xdebc</run_address>
         <size>0x226</size>
         <input_file_ref idref="fl-c"/>
      </object_component>
      <object_component id="oc-318">
         <name>.debug_info</name>
         <load_address>0xe0e2</load_address>
         <run_address>0xe0e2</run_address>
         <size>0x217</size>
         <input_file_ref idref="fl-c"/>
      </object_component>
      <object_component id="oc-41">
         <name>.debug_info</name>
         <load_address>0xe2f9</load_address>
         <run_address>0xe2f9</run_address>
         <size>0x287</size>
         <input_file_ref idref="fl-d"/>
      </object_component>
      <object_component id="oc-3bb">
         <name>.debug_info</name>
         <load_address>0xe580</load_address>
         <run_address>0xe580</run_address>
         <size>0x3a8</size>
         <input_file_ref idref="fl-e"/>
      </object_component>
      <object_component id="oc-47f">
         <name>.debug_info</name>
         <load_address>0xe928</load_address>
         <run_address>0xe928</run_address>
         <size>0x120</size>
         <input_file_ref idref="fl-e"/>
      </object_component>
      <object_component id="oc-3b5">
         <name>.debug_info</name>
         <load_address>0xea48</load_address>
         <run_address>0xea48</run_address>
         <size>0x120</size>
         <input_file_ref idref="fl-e"/>
      </object_component>
      <object_component id="oc-3b8">
         <name>.debug_info</name>
         <load_address>0xeb68</load_address>
         <run_address>0xeb68</run_address>
         <size>0x11c</size>
         <input_file_ref idref="fl-e"/>
      </object_component>
      <object_component id="oc-3b2">
         <name>.debug_info</name>
         <load_address>0xec84</load_address>
         <run_address>0xec84</run_address>
         <size>0x13a</size>
         <input_file_ref idref="fl-e"/>
      </object_component>
      <object_component id="oc-2bd">
         <name>.debug_info</name>
         <load_address>0xedbe</load_address>
         <run_address>0xedbe</run_address>
         <size>0x3b2</size>
         <input_file_ref idref="fl-e"/>
      </object_component>
      <object_component id="oc-3ca">
         <name>.debug_info</name>
         <load_address>0xf170</load_address>
         <run_address>0xf170</run_address>
         <size>0x2c0</size>
         <input_file_ref idref="fl-e"/>
      </object_component>
      <object_component id="oc-3a6">
         <name>.debug_info</name>
         <load_address>0xf430</load_address>
         <run_address>0xf430</run_address>
         <size>0x243</size>
         <input_file_ref idref="fl-e"/>
      </object_component>
      <object_component id="oc-487">
         <name>.debug_info</name>
         <load_address>0xf673</load_address>
         <run_address>0xf673</run_address>
         <size>0x62</size>
         <input_file_ref idref="fl-e"/>
      </object_component>
      <object_component id="oc-43b">
         <name>.debug_info</name>
         <load_address>0xf6d5</load_address>
         <run_address>0xf6d5</run_address>
         <size>0x2c3</size>
         <input_file_ref idref="fl-f"/>
      </object_component>
      <object_component id="oc-377">
         <name>.debug_info</name>
         <load_address>0xf998</load_address>
         <run_address>0xf998</run_address>
         <size>0x104</size>
         <input_file_ref idref="fl-f"/>
      </object_component>
      <object_component id="oc-4c6">
         <name>.debug_info</name>
         <load_address>0xfa9c</load_address>
         <run_address>0xfa9c</run_address>
         <size>0xfe</size>
         <input_file_ref idref="fl-f"/>
      </object_component>
      <object_component id="oc-37a">
         <name>.debug_info</name>
         <load_address>0xfb9a</load_address>
         <run_address>0xfb9a</run_address>
         <size>0x10c</size>
         <input_file_ref idref="fl-f"/>
      </object_component>
      <object_component id="oc-371">
         <name>.debug_info</name>
         <load_address>0xfca6</load_address>
         <run_address>0xfca6</run_address>
         <size>0x110</size>
         <input_file_ref idref="fl-f"/>
      </object_component>
      <object_component id="oc-291">
         <name>.debug_info</name>
         <load_address>0xfdb6</load_address>
         <run_address>0xfdb6</run_address>
         <size>0x261</size>
         <input_file_ref idref="fl-f"/>
      </object_component>
      <object_component id="oc-4bb">
         <name>.debug_info</name>
         <load_address>0x10017</load_address>
         <run_address>0x10017</run_address>
         <size>0x1fe</size>
         <input_file_ref idref="fl-f"/>
      </object_component>
      <object_component id="oc-374">
         <name>.debug_info</name>
         <load_address>0x10215</load_address>
         <run_address>0x10215</run_address>
         <size>0x25d</size>
         <input_file_ref idref="fl-f"/>
      </object_component>
      <object_component id="oc-435">
         <name>.debug_info</name>
         <load_address>0x10472</load_address>
         <run_address>0x10472</run_address>
         <size>0x35e</size>
         <input_file_ref idref="fl-f"/>
      </object_component>
      <object_component id="oc-30f">
         <name>.debug_info</name>
         <load_address>0x107d0</load_address>
         <run_address>0x107d0</run_address>
         <size>0x1c9</size>
         <input_file_ref idref="fl-f"/>
      </object_component>
      <object_component id="oc-61">
         <name>.debug_info</name>
         <load_address>0x10999</load_address>
         <run_address>0x10999</run_address>
         <size>0x119</size>
         <input_file_ref idref="fl-cb"/>
      </object_component>
      <object_component id="oc-ee">
         <name>.debug_info</name>
         <load_address>0x10ab2</load_address>
         <run_address>0x10ab2</run_address>
         <size>0x147</size>
         <input_file_ref idref="fl-cc"/>
      </object_component>
      <object_component id="oc-4c2">
         <name>.debug_info</name>
         <load_address>0x10bf9</load_address>
         <run_address>0x10bf9</run_address>
         <size>0x142</size>
         <input_file_ref idref="fl-cd"/>
      </object_component>
      <object_component id="oc-ea">
         <name>.debug_info</name>
         <load_address>0x10d3b</load_address>
         <run_address>0x10d3b</run_address>
         <size>0x2d4</size>
         <input_file_ref idref="fl-ce"/>
      </object_component>
      <object_component id="oc-72">
         <name>.debug_info</name>
         <load_address>0x1100f</load_address>
         <run_address>0x1100f</run_address>
         <size>0x1b5</size>
         <input_file_ref idref="fl-ce"/>
      </object_component>
      <object_component id="oc-e5">
         <name>.debug_info</name>
         <load_address>0x111c4</load_address>
         <run_address>0x111c4</run_address>
         <size>0x46</size>
         <input_file_ref idref="fl-ce"/>
      </object_component>
      <object_component id="oc-15f">
         <name>.debug_info</name>
         <load_address>0x1120a</load_address>
         <run_address>0x1120a</run_address>
         <size>0x2c</size>
         <input_file_ref idref="fl-ce"/>
      </object_component>
      <object_component id="oc-6a">
         <name>.debug_info</name>
         <load_address>0x11236</load_address>
         <run_address>0x11236</run_address>
         <size>0x2a8</size>
         <input_file_ref idref="fl-cf"/>
      </object_component>
      <object_component id="oc-1f">
         <name>.debug_info</name>
         <load_address>0x114de</load_address>
         <run_address>0x114de</run_address>
         <size>0x1ea</size>
         <input_file_ref idref="fl-cf"/>
      </object_component>
      <object_component id="oc-65">
         <name>.debug_info</name>
         <load_address>0x116c8</load_address>
         <run_address>0x116c8</run_address>
         <size>0x46</size>
         <input_file_ref idref="fl-cf"/>
      </object_component>
      <object_component id="oc-dd">
         <name>.debug_info</name>
         <load_address>0x1170e</load_address>
         <run_address>0x1170e</run_address>
         <size>0x2c</size>
         <input_file_ref idref="fl-cf"/>
      </object_component>
      <object_component id="oc-db">
         <name>.debug_info</name>
         <load_address>0x1173a</load_address>
         <run_address>0x1173a</run_address>
         <size>0x29e</size>
         <input_file_ref idref="fl-d0"/>
      </object_component>
      <object_component id="oc-17">
         <name>.debug_info</name>
         <load_address>0x119d8</load_address>
         <run_address>0x119d8</run_address>
         <size>0x250</size>
         <input_file_ref idref="fl-d0"/>
      </object_component>
      <object_component id="oc-55">
         <name>.debug_info</name>
         <load_address>0x11c28</load_address>
         <run_address>0x11c28</run_address>
         <size>0x60</size>
         <input_file_ref idref="fl-d0"/>
      </object_component>
      <object_component id="oc-158">
         <name>.debug_info</name>
         <load_address>0x11c88</load_address>
         <run_address>0x11c88</run_address>
         <size>0x46</size>
         <input_file_ref idref="fl-d0"/>
      </object_component>
      <object_component id="oc-d6">
         <name>.debug_info</name>
         <load_address>0x11cce</load_address>
         <run_address>0x11cce</run_address>
         <size>0x39</size>
         <input_file_ref idref="fl-d0"/>
      </object_component>
      <object_component id="oc-26">
         <name>.debug_info</name>
         <load_address>0x11d07</load_address>
         <run_address>0x11d07</run_address>
         <size>0x10b</size>
         <input_file_ref idref="fl-d1"/>
      </object_component>
      <object_component id="oc-80">
         <name>.debug_info</name>
         <load_address>0x11e12</load_address>
         <run_address>0x11e12</run_address>
         <size>0x1a9</size>
         <input_file_ref idref="fl-d1"/>
[...]
               <start_address>0x2000638c</start_address>
               <size>0x1c74</size>
            </available_space>
         </usage_details>
      </memory_area>
   </placement_map>
   <cptbl_list>
      <cptbl>
         <name>__TI_cinit_table</name>
         <cprec>
            <name>.data</name>
            <load_address>0x2b88</load_address>
            <load_size>0x17</load_size>
            <run_address>0x20006338</run_address>
            <run_size>0x54</run_size>
            <compression>lzss</compression>
         </cprec>
         <cprec>
            <name>.bss</name>
            <load_address>0x2bb0</load_address>
            <load_size>0x8</load_size>
            <run_address>0x2000026c</run_address>
            <run_size>0x50cc</run_size>
            <compression>zero_init</compression>
         </cprec>
         <cprec>
            <name>.vtable</name>
            <load_address>0x2bb8</load_address>
            <load_size>0x8</load_size>
            <run_address>0x20000000</run_address>
            <run_size>0x26c</run_size>
            <compression>zero_init</compression>
         </cprec>
      </cptbl>
   </cptbl_list>
   <handler_table>
      <handler_table_name>__TI_handler_table</handler_table_name>
      <handler>
         <index>0x0</index>
         <name>__TI_zero_init</name>
      </handler>
      <handler>
         <index>0x1</index>
         <name>__TI_decompress_lzss</name>
      </handler>
      <handler>
         <index>0x2</index>
         <name>__TI_decompress_none</name>
      </handler>
   </handler_table>
   <symbol_table>
      <symbol id="sm-1">
         <name>__STACK_TOP</name>
         <value>0x20006338</value>
      </symbol>
      <symbol id="sm-2">
         <name>__start___llvm_prf_cnts</name>
         <value>0x20000000</value>
      </symbol>
      <symbol id="sm-3">
         <name>__stop___llvm_prf_cnts</name>
         <value>0x20000000</value>
      </symbol>
      <symbol id="sm-4">
         <name>__TI_CINIT_Base</name>
         <value>0x2bc0</value>
      </symbol>
      <symbol id="sm-5">
         <name>__TI_CINIT_Limit</name>
         <value>0x2bd8</value>
      </symbol>
      <symbol id="sm-6">
         <name>__TI_Handler_Table_Base</name>
         <value>0x2ba0</value>
      </symbol>
      <symbol id="sm-7">
         <name>__TI_Handler_Table_Limit</name>
         <value>0x2bac</value>
      </symbol>
      <symbol id="sm-8">
         <name>binit</name>
         <value>0xffffffff</value>
      </symbol>
      <symbol id="sm-9">
         <name>__binit__</name>
         <value>0xffffffff</value>
      </symbol>
      <symbol id="sm-a">
         <name>__STACK_SIZE</name>
         <value>0x1000</value>
      </symbol>
      <symbol id="sm-b">
         <name>__STACK_END</name>
         <value>0x20006338</value>
      </symbol>
      <symbol id="sm-c">
         <name>__c_args__</name>
         <value>0xffffffff</value>
      </symbol>
      <symbol id="sm-d">
         <name>__TI_pprof_out_hndl</name>
         <value>0xffffffff</value>
      </symbol>
      <symbol id="sm-e">
         <name>__TI_prof_data_start</name>
         <value>0xffffffff</value>
      </symbol>
      <symbol id="sm-f">
         <name>__TI_prof_data_size</name>
         <value>0xffffffff</value>
      </symbol>
      <symbol id="sm-c2">
         <name>vBlinkyTask</name>
         <value>0x1789</value>
         <object_component_ref idref="oc-16e"/>
      </symbol>
      <symbol id="sm-c3">
         <name>xButtonsHandler</name>
         <value>0x1f39</value>
         <object_component_ref idref="oc-4b"/>
      </symbol>
      <symbol id="sm-c4">
         <name>g_ui32TimeStamp</name>
         <value>0x20006374</value>
         <object_component_ref idref="oc-c1"/>
      </symbol>
      <symbol id="sm-102">
         <name>vApplicationStackOverflowHook</name>
         <value>0x28df</value>
         <object_component_ref idref="oc-10f"/>
      </symbol>
      <symbol id="sm-103">
         <name>vApplicationIdleHook</name>
         <value>0x26df</value>
         <object_component_ref idref="oc-325"/>
      </symbol>
      <symbol id="sm-104">
         <name>main</name>
         <value>0x2845</value>
         <object_component_ref idref="oc-f7"/>
      </symbol>
      <symbol id="sm-135">
         <name>ResetISR</name>
         <value>0x28ff</value>
         <object_component_ref idref="oc-28"/>
      </symbol>
      <symbol id="sm-136">
         <name>g_pfnVectors</name>
         <value>0x0</value>
         <object_component_ref idref="oc-13"/>
      </symbol>
      <symbol id="sm-17e">
         <name>LEDWrite</name>
         <value>0x15b9</value>
         <object_component_ref idref="oc-2f4"/>
      </symbol>
      <symbol id="sm-17f">
         <name>PinoutSet</name>
         <value>0xbdd</value>
         <object_component_ref idref="oc-1fc"/>
      </symbol>
      <symbol id="sm-180">
         <name>ButtonsInit</name>
         <value>0x1ff9</value>
         <object_component_ref idref="oc-297"/>
      </symbol>
      <symbol id="sm-1b8">
         <name>uxListRemove</name>
         <value>0x22fd</value>
         <object_component_ref idref="oc-11f"/>
      </symbol>
      <symbol id="sm-1b9">
         <name>vListInsert</name>
         <value>0x1e6d</value>
         <object_component_ref idref="oc-4a3"/>
      </symbol>
      <symbol id="sm-1ba">
         <name>vListInitialiseItem</name>
         <value>0x2865</value>
         <object_component_ref idref="oc-3d0"/>
      </symbol>
      <symbol id="sm-1bb">
         <name>vListInsertEnd</name>
         <value>0x24c9</value>
         <object_component_ref idref="oc-125"/>
      </symbol>
      <symbol id="sm-1bc">
         <name>vListInitialise</name>
         <value>0x260d</value>
         <object_component_ref idref="oc-3c2"/>
      </symbol>
      <symbol id="sm-257">
         <name>xQueueGenericCreate</name>
         <value>0x1b89</value>
         <object_component_ref idref="oc-20f"/>
      </symbol>
      <symbol id="sm-258">
         <name>xQueueGenericSend</name>
         <value>0xab5</value>
         <object_component_ref idref="oc-307"/>
      </symbol>
      <symbol id="sm-259">
         <name>xQueueGenericReset</name>
         <value>0x1519</value>
         <object_component_ref idref="oc-2c2"/>
      </symbol>
      <symbol id="sm-25a">
         <name>xQueueGenericReceive</name>
         <value>0x6e5</value>
         <object_component_ref idref="oc-2ee"/>
      </symbol>
      <symbol id="sm-44e">
         <name>vTaskDelay</name>
         <value>0x1bf9</value>
         <object_component_ref idref="oc-2fa"/>
      </symbol>
      <symbol id="sm-44f">
         <name>vTaskSuspendAll</name>
         <value>0x2875</value>
         <object_component_ref idref="oc-39f"/>
      </symbol>
      <symbol id="sm-450">
         <name>vTaskPriorityInherit</name>
         <value>0x117d</value>
         <object_component_ref idref="oc-40b"/>
      </symbol>
      <symbol id="sm-451">
         <name>vTaskPlaceOnEventList</name>
         <value>0x1e05</value>
         <object_component_ref idref="oc-411"/>
      </symbol>
      <symbol id="sm-452">
         <name>ulTaskNotifyTake</name>
         <value>0x10ad</value>
         <object_component_ref idref="oc-301"/>
      </symbol>
      <symbol id="sm-453">
         <name>xTaskCheckForTimeOut</name>
         <value>0x18b1</value>
         <object_component_ref idref="oc-3ff"/>
      </symbol>
      <symbol id="sm-454">
         <name>xTaskPriorityDisinherit</name>
         <value>0x1475</value>
         <object_component_ref idref="oc-4b2"/>
      </symbol>
      <symbol id="sm-455">
         <name>vTaskStartScheduler</name>
         <value>0x1b19</value>
         <object_component_ref idref="oc-174"/>
      </symbol>
      <symbol id="sm-456">
         <name>pvTaskIncrementMutexHeldCount</name>
         <value>0x2749</value>
         <object_component_ref idref="oc-3f3"/>
      </symbol>
      <symbol id="sm-457">
         <name>vTaskMissedYield</name>
         <value>0x28ed</value>
         <object_component_ref idref="oc-4aa"/>
      </symbol>
      <symbol id="sm-458">
         <name>xTaskResumeAll</name>
         <value>0xded</value>
         <object_component_ref idref="oc-3ab"/>
      </symbol>
      <symbol id="sm-459">
         <name>xTaskGetTickCount</name>
         <value>0x2811</value>
         <object_component_ref idref="oc-b5"/>
      </symbol>
      <symbol id="sm-45a">
         <name>xTaskGenericCreate</name>
         <value>0x84d</value>
         <object_component_ref idref="oc-215"/>
      </symbol>
      <symbol id="sm-45b">
         <name>pxCurrentTCB</name>
         <value>0x20006338</value>
         <object_component_ref idref="oc-95"/>
      </symbol>
      <symbol id="sm-45c">
         <name>vTaskNotifyGiveFromISR</name>
         <value>0x1245</value>
         <object_component_ref idref="oc-bb"/>
      </symbol>
      <symbol id="sm-45d">
         <name>vTaskSetTimeOutState</name>
         <value>0x2705</value>
         <object_component_ref idref="oc-3f9"/>
      </symbol>
      <symbol id="sm-45e">
         <name>xTaskIncrementTick</name>
         <value>0x981</value>
         <object_component_ref idref="oc-a2"/>
      </symbol>
      <symbol id="sm-45f">
         <name>vTaskSwitchContext</name>
         <value>0x13bd</value>
         <object_component_ref idref="oc-9b"/>
      </symbol>
      <symbol id="sm-460">
         <name>xTaskRemoveFromEventList</name>
         <value>0x1821</value>
         <object_component_ref idref="oc-3bc"/>
      </symbol>
      <symbol id="sm-4c0">
         <name>ulMaxSyscallInterruptPriority</name>
         <value>0x2b80</value>
         <object_component_ref idref="oc-98"/>
      </symbol>
      <symbol id="sm-4c1">
         <name>vPortSetupTimerInterrupt</name>
         <value>0x2781</value>
         <object_component_ref idref="oc-315"/>
      </symbol>
      <symbol id="sm-4c2">
         <name>xPortSysTickHandler</name>
         <value>0x2669</value>
         <object_component_ref idref="oc-45"/>
      </symbol>
      <symbol id="sm-4c3">
         <name>pxPortInitialiseStack</name>
         <value>0x20b1</value>
         <object_component_ref idref="oc-2d5"/>
      </symbol>
      <symbol id="sm-4c4">
         <name>vPortExitCritical</name>
         <value>0x2765</value>
         <object_component_ref idref="oc-2e7"/>
      </symbol>
      <symbol id="sm-4c5">
         <name>xPortStartScheduler</name>
         <value>0x23cd</value>
         <object_component_ref idref="oc-22e"/>
      </symbol>
      <symbol id="sm-4c6">
         <name>vPortEnterCritical</name>
         <value>0x26e1</value>
         <object_component_ref idref="oc-2db"/>
      </symbol>
      <symbol id="sm-4d5">
         <name>vPortStartFirstTask</name>
         <value>0x1081</value>
         <object_component_ref idref="oc-40"/>
      </symbol>
      <symbol id="sm-4d6">
         <name>ulPortGetIPSR</name>
         <value>0xfe9</value>
         <object_component_ref idref="oc-40"/>
      </symbol>
      <symbol id="sm-4d7">
         <name>vPortEnableVFP</name>
         <value>0x109d</value>
         <object_component_ref idref="oc-40"/>
      </symbol>
      <symbol id="sm-4d8">
         <name>xPortPendSVHandler</name>
         <value>0x1001</value>
         <object_component_ref idref="oc-40"/>
      </symbol>
      <symbol id="sm-4d9">
         <name>vPortSVCHandler</name>
         <value>0x1061</value>
         <object_component_ref idref="oc-40"/>
      </symbol>
      <symbol id="sm-532">
         <name>pvPortMalloc</name>
         <value>0xce5</value>
         <object_component_ref idref="oc-2bc"/>
      </symbol>
      <symbol id="sm-533">
         <name>vPortFree</name>
         <value>0x1d9d</value>
         <object_component_ref idref="oc-3c9"/>
      </symbol>
      <symbol id="sm-5b6">
         <name>UARTStdioConfig</name>
         <value>0x1a31</value>
         <object_component_ref idref="oc-290"/>
      </symbol>
      <symbol id="sm-5b7">
         <name>UARTwrite</name>
         <value>0x1ed5</value>
         <object_component_ref idref="oc-4ba"/>
      </symbol>
      <symbol id="sm-5b8">
         <name>UARTprintf</name>
         <value>0x26bb</value>
         <object_component_ref idref="oc-30e"/>
      </symbol>
      <symbol id="sm-5b9">
         <name>UARTvprintf</name>
         <value>0x26d</value>
         <object_component_ref idref="oc-434"/>
      </symbol>
      <symbol id="sm-5d5">
         <name>memcpy</name>
         <value>0x1655</value>
         <object_component_ref idref="oc-5f"/>
      </symbol>
      <symbol id="sm-5d6">
         <name>__aeabi_memcpy</name>
         <value>0x1655</value>
         <object_component_ref idref="oc-5f"/>
      </symbol>
      <symbol id="sm-5d7">
         <name>__aeabi_memcpy8</name>
         <value>0x1655</value>
         <object_component_ref idref="oc-5f"/>
      </symbol>
      <symbol id="sm-5d8">
         <name>__aeabi_memcpy4</name>
         <value>0x1655</value>
         <object_component_ref idref="oc-5f"/>
      </symbol>
      <symbol id="sm-5e7">
         <name>__aeabi_memset</name>
         <value>0x19b9</value>
         <object_component_ref idref="oc-eb"/>
      </symbol>
      <symbol id="sm-5e8">
         <name>memset</name>
         <value>0x19bf</value>
         <object_component_ref idref="oc-eb"/>
      </symbol>
      <symbol id="sm-5e9">
         <name>__aeabi_memset8</name>
         <value>0x19b9</value>
         <object_component_ref idref="oc-eb"/>
      </symbol>
      <symbol id="sm-5ea">
         <name>__aeabi_memset4</name>
         <value>0x19b9</value>
         <object_component_ref idref="oc-eb"/>
      </symbol>
      <symbol id="sm-5eb">
         <name>__aeabi_memclr8</name>
         <value>0x19b7</value>
         <object_component_ref idref="oc-eb"/>
      </symbol>
      <symbol id="sm-5ec">
         <name>__aeabi_memclr4</name>
         <value>0x19b7</value>
         <object_component_ref idref="oc-eb"/>
      </symbol>
      <symbol id="sm-5ed">
         <name>__aeabi_memclr</name>
         <value>0x19b7</value>
         <object_component_ref idref="oc-eb"/>
      </symbol>
      <symbol id="sm-5fc">
         <name>__aeabi_uidivmod</name>
         <value>0x2411</value>
         <object_component_ref idref="oc-4c0"/>
      </symbol>
      <symbol id="sm-5fd">
         <name>__aeabi_uidiv</name>
         <value>0x2411</value>
         <object_component_ref idref="oc-4c0"/>
      </symbol>
      <symbol id="sm-614">
         <name>__TI_zero_init</name>
         <value>0x28d3</value>
         <object_component_ref idref="oc-71"/>
      </symbol>
      <symbol id="sm-62b">
         <name>__TI_decompress_none</name>
         <value>0x2893</value>
         <object_component_ref idref="oc-1c"/>
      </symbol>
      <symbol id="sm-64e">
         <name>__TI_decompress_lzss</name>
         <value>0x1ccd</value>
         <object_component_ref idref="oc-16"/>
      </symbol>
      <symbol id="sm-661">
         <name>__stack</name>
         <value>0x20005338</value>
         <object_component_ref idref="oc-25"/>
      </symbol>
      <symbol id="sm-662">
         <name>_c_int00_noargs</name>
         <value>0x25a5</value>
         <object_component_ref idref="oc-7d"/>
      </symbol>
      <symbol id="sm-66c">
         <name>__aeabi_idiv0</name>
         <value>0x1ff7</value>
         <object_component_ref idref="oc-4da"/>
      </symbol>
      <symbol id="sm-66d">
         <name>__aeabi_ldiv0</name>
         <value>0x1ff7</value>
         <object_component_ref idref="oc-4da"/>
      </symbol>
      <symbol id="sm-695">
         <name>__TI_auto_init_nobinit_nopinit</name>
         <value>0x2389</value>
         <object_component_ref idref="oc-187"/>
      </symbol>
      <symbol id="sm-69f">
         <name>_system_pre_init</name>
         <value>0x2911</value>
         <object_component_ref idref="oc-f1"/>
      </symbol>
      <symbol id="sm-6ab">
         <name>C$$EXIT</name>
         <value>0x2915</value>
         <object_component_ref idref="oc-17b"/>
      </symbol>
      <symbol id="sm-6ac">
         <name>abort</name>
         <value>0x2915</value>
         <object_component_ref idref="oc-17b"/>
      </symbol>
      <symbol id="sm-74d">
         <name>GPIOIntRegister</name>
         <value>0x279d</value>
         <object_component_ref idref="oc-29d"/>
      </symbol>
      <symbol id="sm-74e">
         <name>GPIOPinConfigure</name>
         <value>0x2265</value>
         <object_component_ref idref="oc-27e"/>
      </symbol>
      <symbol id="sm-74f">
         <name>GPIOIntEnable</name>
         <value>0x28c7</value>
         <object_component_ref idref="oc-2a9"/>
      </symbol>
      <symbol id="sm-750">
         <name>GPIOIntTypeSet</name>
         <value>0x210d</value>
         <object_component_ref idref="oc-2a3"/>
      </symbol>
      <symbol id="sm-751">
         <name>GPIOIntClear</name>
         <value>0x28f9</value>
         <object_component_ref idref="oc-af"/>
      </symbol>
      <symbol id="sm-752">
         <name>GPIOPinTypeUART</name>
         <value>0x27e5</value>
         <object_component_ref idref="oc-28a"/>
      </symbol>
      <symbol id="sm-753">
         <name>GPIOIntStatus</name>
         <value>0x2885</value>
         <object_component_ref idref="oc-a9"/>
      </symbol>
      <symbol id="sm-754">
         <name>GPIODirModeSet</name>
         <value>0x263d</value>
         <object_component_ref idref="oc-369"/>
      </symbol>
      <symbol id="sm-755">
         <name>GPIOPadConfigSet</name>
         <value>0x579</value>
         <object_component_ref idref="oc-271"/>
      </symbol>
      <symbol id="sm-756">
         <name>GPIOUnlockPin</name>
         <value>0x27b5</value>
         <object_component_ref idref="oc-26b"/>
      </symbol>
      <symbol id="sm-799">
         <name>IntEnable</name>
         <value>0x1c65</value>
         <object_component_ref idref="oc-2af"/>
      </symbol>
      <symbol id="sm-79a">
         <name>IntRegister</name>
         <value>0x253d</value>
         <object_component_ref idref="oc-38a"/>
      </symbol>
      <symbol id="sm-79b">
         <name>IntMasterDisable</name>
         <value>0x2825</value>
         <object_component_ref idref="oc-1d6"/>
      </symbol>
      <symbol id="sm-79c">
         <name>g_pfnRAMVectors</name>
         <value>0x20000000</value>
         <object_component_ref idref="oc-474"/>
      </symbol>
      <symbol id="sm-79d">
         <name>IntMasterEnable</name>
         <value>0x2835</value>
         <object_component_ref idref="oc-2b5"/>
      </symbol>
      <symbol id="sm-7c8">
         <name>SysCtlClockSet</name>
         <value>0xee5</value>
         <object_component_ref idref="oc-1f6"/>
      </symbol>
      <symbol id="sm-7c9">
         <name>SysCtlDelay</name>
         <value>0x2905</value>
         <object_component_ref idref="oc-268"/>
      </symbol>
      <symbol id="sm-7ca">
         <name>SysCtlPeripheralEnable</name>
         <value>0x2571</value>
         <object_component_ref idref="oc-278"/>
      </symbol>
      <symbol id="sm-7d7">
         <name>UARTClockSourceSet</name>
         <value>0x290b</value>
         <object_component_ref idref="oc-284"/>
      </symbol>
      <symbol id="sm-7e9">
         <name>CPUcpsie</name>
         <value>0x28bb</value>
         <object_component_ref idref="oc-398"/>
      </symbol>
      <symbol id="sm-7ea">
         <name>CPUcpsid</name>
         <value>0x28af</value>
         <object_component_ref idref="oc-25d"/>
      </symbol>
      <symbol id="sm-7eb">
         <name>__TI_static_base__</name>
         <value>0x0</value>
      </symbol>
      <symbol id="sm-7ee">
         <name>__mpu_init</name>
         <value>0x0</value>
      </symbol>
      <symbol id="sm-7ef">
         <name>_system_post_cinit</name>
         <value>0x0</value>
      </symbol>
   </symbol_table>
   <title>Link successful</title>
</link_info>
