******************************************************************************
                  TI ARM Linker PC v20.2.7                     
******************************************************************************
>> Linked Fri Mar  6 19:14:31 2026

OUTPUT FILE NAME:   <led_blink_controller.out>
ENTRY POINT SYMBOL: "_c_int00_noargs"  address: 000025a5


MEMORY CONFIGURATION

         name            origin    length      used     unused   attr    fill
----------------------  --------  ---------  --------  --------  ----  --------
  FLASH                 00000000   00040000  00002bd8  0003d428  R  X
  SRAM                  20000000   00008000  0000638c  00001c74  RW X


SEGMENT ALLOCATION MAP

run origin  load origin   length   init length attrs members
----------  ----------- ---------- ----------- ----- -------
00000000    00000000    00002bd8   00002bd8    r-x
  00000000    00000000    0000026c   0000026c    r-- .intvecs
  0000026c    0000026c    000026ac   000026ac    r-x .text
  00002918    00002918    00000270   00000270    r-- .const
  00002b88    00002b88    00000050   00000050    r-- .cinit
20000000    20000000    0000638c   00000000    rw-
  20000000    20000000    0000026c   00000000    rw- .vtable
  2000026c    2000026c    000050cc   00000000    rw- .bss
  20005338    20005338    00001000   00000000    rw- .stack
  20006338    20006338    00000054   00000000    rw- .data


SECTION ALLOCATION MAP

 output                                  attributes/
section   page    origin      length       input sections
--------  ----  ----------  ----------   ----------------
.intvecs   0    00000000    0000026c     
                  00000000    0000026c     startup_ccs.obj (.intvecs)

.text      0    0000026c    000026ac     
                  0000026c    0000030c     uartstdio.obj (.text:UARTvprintf)
                  00000578    0000016c     driverlib.lib : gpio.obj (.text:GPIOPadConfigSet)
                  000006e4    00000168     queue.obj (.text:xQueueGenericReceive)
                  0000084c    00000134     tasks.obj (.text:xTaskGenericCreate)
                  00000980    00000134     tasks.obj (.text:xTaskIncrementTick)
                  00000ab4    00000128     queue.obj (.text:xQueueGenericSend)
                  00000bdc    00000108     rtos_hw_drivers.obj (.text:PinoutSet)
                  00000ce4    00000108     heap_2.obj (.text:pvPortMalloc)
                  00000dec    000000f8     tasks.obj (.text:xTaskResumeAll)
                  00000ee4    000000f4     driverlib.lib : sysctl.obj (.text:SysCtlClockSet)
                  00000fd8    000000d2     portasm.obj (.text)
                  000010aa    00000002     startup_ccs.obj (.text:FaultISR)
                  000010ac    000000d0     tasks.obj (.text:ulTaskNotifyTake)
                  0000117c    000000c8     tasks.obj (.text:vTaskPriorityInherit)
                  00001244    000000bc     tasks.obj (.text:vTaskNotifyGiveFromISR)
                  00001300    000000ba     queue.obj (.text:prvCopyDataToQueue)
                  000013ba    00000002     startup_ccs.obj (.text:IntDefaultHandler)
                  000013bc    000000b8     tasks.obj (.text:vTaskSwitchContext)
                  00001474    000000a4     tasks.obj (.text:xTaskPriorityDisinherit)
                  00001518    000000a0     queue.obj (.text:xQueueGenericReset)
                  000015b8    0000009c     rtos_hw_drivers.obj (.text:LEDWrite)
                  00001654    0000009c     rtsv7M4_T_le_v4SPD16_eabi.lib : memcpy_t2.asm.obj (.text)
                  000016f0    00000098     tasks.obj (.text:prvInitialiseTCBVariables)
                  00001788    00000098     blinky_task.obj (.text:vBlinkyTask)
                  00001820    00000090     tasks.obj (.text:xTaskRemoveFromEventList)
                  000018b0    00000084     tasks.obj (.text:xTaskCheckForTimeOut)
                  00001934    00000082     queue.obj (.text:prvUnlockQueue)
                  000019b6    0000007a     rtsv7M4_T_le_v4SPD16_eabi.lib : memset_t2.asm.obj (.text)
                  00001a30    00000074     uartstdio.obj (.text:UARTStdioConfig)
                  00001aa4    00000074     tasks.obj (.text:prvInitialiseTaskLists)
                  00001b18    00000070     tasks.obj (.text:vTaskStartScheduler)
                  00001b88    00000070     queue.obj (.text:xQueueGenericCreate)
                  00001bf8    0000006c     tasks.obj (.text:vTaskDelay)
                  00001c64    00000068     driverlib.lib : interrupt.obj (.text:IntEnable)
                  00001ccc    00000068     rtsv7M4_T_le_v4SPD16_eabi.lib : copy_decompress_lzss.c.obj (.text:decompress:lzss:__TI_decompress_lzss)
                  00001d34    00000068     tasks.obj (.text:prvCheckTasksWaitingTermination)
                  00001d9c    00000068     heap_2.obj (.text:vPortFree)
                  00001e04    00000068     tasks.obj (.text:vTaskPlaceOnEventList)
                  00001e6c    00000066     list.obj (.text:vListInsert)
                  00001ed2    00000002     startup_ccs.obj (.text:NmiSR)
                  00001ed4    00000064     uartstdio.obj (.text:UARTwrite)
                  00001f38    00000060     blinky_task.obj (.text:xButtonsHandler)
                  00001f98    0000005e     tasks.obj (.text:prvAllocateTCBAndStack)
                  00001ff6    00000002     rtsv7M4_T_le_v4SPD16_eabi.lib : div0.asm.obj (.text)
                  00001ff8    0000005c     rtos_hw_drivers.obj (.text:ButtonsInit)
                  00002054    0000005c     tasks.obj (.text:prvAddCurrentTaskToDelayedList)
                  000020b0    0000005c     port.obj (.text:pxPortInitialiseStack)
                  0000210c    00000058     driverlib.lib : gpio.obj (.text:GPIOIntTypeSet)
                  00002164    00000058     blinky_task.obj (.text:prvButtonTask)
                  000021bc    00000058     blinky_task.obj (.text:prvLEDBlinkTask)
                  00002214    00000050     heap_2.obj (.text:prvHeapInit)
                  00002264    0000004c     driverlib.lib : gpio.obj (.text:GPIOPinConfigure)
                  000022b0    0000004c     main.obj (.text:prvConfigureUART)
                  000022fc    00000048     list.obj (.text:uxListRemove)
                  00002344    00000044     driverlib.lib : gpio.obj (.text:_GPIOIntNumberGet)
                  00002388    00000044     rtsv7M4_T_le_v4SPD16_eabi.lib : autoinit.c.obj (.text:__TI_auto_init_nobinit_nopinit:__TI_auto_init_nobinit_nopinit)
                  000023cc    00000044     port.obj (.text:xPortStartScheduler)
                  00002410    00000040     rtsv7M4_T_le_v4SPD16_eabi.lib : u_divt2.asm.obj (.text)
                  00002450    0000003c     queue.obj (.text:prvCopyDataFromQueue)
                  0000248c    0000003c     tasks.obj (.text:prvResetNextTaskUnblockTime)
                  000024c8    0000003c     list.obj (.text:vListInsertEnd)
                  00002504    00000038     blinky_task.obj (.text:prvUARTStatusTask)
                  0000253c    00000034     driverlib.lib : interrupt.obj (.text:IntRegister)
                  00002570    00000034                   : sysctl.obj (.text:SysCtlPeripheralEnable)
                  000025a4    00000034     rtsv7M4_T_le_v4SPD16_eabi.lib : boot_cortex_m.c.obj (.text:_c_int00_noargs:_c_int00_noargs)
                  000025d8    00000034     blinky_task.obj (.text:prvConfigureButton)
                  0000260c    00000030     list.obj (.text:vListInitialise)
                  0000263c    0000002c     driverlib.lib : gpio.obj (.text:GPIODirModeSet)
                  00002668    0000002c     port.obj (.text:xPortSysTickHandler)
                  00002694    00000026     queue.obj (.text:prvIsQueueFull)
                  000026ba    00000024     uartstdio.obj (.text:UARTprintf)
                  000026de    00000002     main.obj (.text:vApplicationIdleHook)
                  000026e0    00000024     port.obj (.text:vPortEnterCritical)
                  00002704    00000024     tasks.obj (.text:vTaskSetTimeOutState)
                  00002728    00000020     queue.obj (.text:prvIsQueueEmpty)
                  00002748    0000001c     tasks.obj (.text:pvTaskIncrementMutexHeldCount)
                  00002764    0000001c     port.obj (.text:vPortExitCritical)
                  00002780    0000001c     port.obj (.text:vPortSetupTimerInterrupt)
                  0000279c    00000018     driverlib.lib : gpio.obj (.text:GPIOIntRegister)
                  000027b4    00000018                   : gpio.obj (.text:GPIOUnlockPin)
                  000027cc    00000018     main.obj (.text:prvSetupHardware)
                  000027e4    00000016     driverlib.lib : gpio.obj (.text:GPIOPinTypeUART)
                  000027fa    00000014     tasks.obj (.text:prvDeleteTCB)
                  0000280e    00000002     --HOLE-- [fill = 0]
                  00002810    00000014     tasks.obj (.text:xTaskGetTickCount)
                  00002824    00000010     driverlib.lib : interrupt.obj (.text:IntMasterDisable)
                  00002834    00000010                   : interrupt.obj (.text:IntMasterEnable)
                  00002844    00000010     main.obj (.text:main)
                  00002854    00000010     port.obj (.text:prvTaskExitError)
                  00002864    00000010     list.obj (.text:vListInitialiseItem)
                  00002874    00000010     tasks.obj (.text:vTaskSuspendAll)
                  00002884    0000000e     driverlib.lib : gpio.obj (.text:GPIOIntStatus)
                  00002892    0000000e     rtsv7M4_T_le_v4SPD16_eabi.lib : copy_decompress_none.c.obj (.text:decompress:none:__TI_decompress_none)
                  000028a0    0000000e     tasks.obj (.text:prvIdleTask)
                  000028ae    0000000c     driverlib.lib : cpu.obj (.text:CPUcpsid)
                  000028ba    0000000c                   : cpu.obj (.text:CPUcpsie)
                  000028c6    0000000c                   : gpio.obj (.text:GPIOIntEnable)
                  000028d2    0000000c     rtsv7M4_T_le_v4SPD16_eabi.lib : copy_zero_init.c.obj (.text:decompress:ZI:__TI_zero_init)
                  000028de    0000000c     main.obj (.text:vApplicationStackOverflowHook)
                  000028ea    00000002     --HOLE-- [fill = 0]
                  000028ec    0000000c     tasks.obj (.text:vTaskMissedYield)
                  000028f8    00000006     driverlib.lib : gpio.obj (.text:GPIOIntClear)
                  000028fe    00000006     startup_ccs.obj (.text:ResetISR)
                  00002904    00000006     driverlib.lib : sysctl.obj (.text:SysCtlDelay)
                  0000290a    00000006                   : uart.obj (.text:UARTClockSourceSet)
                  00002910    00000004     rtsv7M4_T_le_v4SPD16_eabi.lib : pre_init.c.obj (.text:_system_pre_init)
                  00002914    00000004                                   : exit.c.obj (.text:abort:abort)

.const     0    00002918    00000270     
                  00002918    000000d8     driverlib.lib : gpio.obj (.const:g_ppui32GPIOIntMapSnowflake)
                  000029f0    000000c0                   : gpio.obj (.const:g_ppui32GPIOIntMapBlizzard)
                  00002ab0    00000090                   : gpio.obj (.const:g_pui32GPIOBaseAddrs)
                  00002b40    00000014                   : interrupt.obj (.const:g_pui32EnRegs)
                  00002b54    00000012     uartstdio.obj (.const:.string)
                  00002b66    00000002     --HOLE-- [fill = 0]
                  00002b68    0000000c     uartstdio.obj (.const:g_ui32UARTBase)
                  00002b74    0000000c     uartstdio.obj (.const:g_ui32UARTPeriph)
                  00002b80    00000004     port.obj (.const)
                  00002b84    00000004     uartstdio.obj (.const)

.cinit     0    00002b88    00000050     
                  00002b88    00000017     (.cinit..data.load) [load image, compression = lzss]
                  00002b9f    00000001     --HOLE-- [fill = 0]
                  00002ba0    0000000c     (__TI_handler_table)
                  00002bac    00000004     --HOLE-- [fill = 0]
                  00002bb0    00000008     (.cinit..bss.load) [load image, compression = zero_init]
                  00002bb8    00000008     (.cinit..vtable.load) [load image, compression = zero_init]
                  00002bc0    00000018     (__TI_cinit_table)

.init_array 
*          0    00000000    00000000     UNINITIALIZED

.vtable    0    20000000    0000026c     UNINITIALIZED
                  20000000    0000026c     driverlib.lib : interrupt.obj (.vtable)

.bss       0    2000026c    000050cc     UNINITIALIZED
                  2000026c    00004f10     heap_2.obj (.bss:ucHeap)
                  2000517c    00000140     tasks.obj (.bss:pxReadyTasksLists)
                  200052bc    00000014     tasks.obj (.bss:xDelayedTaskList1)
                  200052d0    00000014     tasks.obj (.bss:xDelayedTaskList2)
                  200052e4    00000014     tasks.obj (.bss:xPendingReadyList)
                  200052f8    00000014     tasks.obj (.bss:xSuspendedTaskList)
                  2000530c    00000014     tasks.obj (.bss:xTasksWaitingTermination)
                  20005320    00000008     tasks.obj (.bss)
                  20005328    00000008     heap_2.obj (.bss:xEnd)
                  20005330    00000008     heap_2.obj (.bss:xStart)

.data      0    20006338    00000054     UNINITIALIZED
                  20006338    00000030     tasks.obj (.data)
                  20006368    00000010     blinky_task.obj (.data)
                  20006378    00000008     heap_2.obj (.data)
                  20006380    00000005     uartstdio.obj (.data)
                  20006385    00000003     rtos_hw_drivers.obj (.data)
                  20006388    00000004     port.obj (.data)

.stack     0    20005338    00001000     UNINITIALIZED
                  20005338    00000004     rtsv7M4_T_le_v4SPD16_eabi.lib : boot_cortex_m.c.obj (.stack)
                  2000533c    00000ffc     --HOLE--

__llvm_prf_cnts 
*          0    20000000    00000000     UNINITIALIZED

.binit     0    00000000    00000000     

MODULE SUMMARY

       Module                       code   ro data   rw data
       ------                       ----   -------   -------
    .\
       startup_ccs.obj              12     620       0      
       blinky_task.obj              532    0         16     
       main.obj                     130    0         0      
    +--+----------------------------+------+---------+---------+
       Total:                       674    620       16     
                                                            
    .\drivers\
       rtos_hw_drivers.obj          512    0         3      
    +--+----------------------------+------+---------+---------+
       Total:                       512    0         3      
                                                            
    .\third_party\FreeRTOS\Source\
       tasks.obj                    3172   0         476    
       queue.obj                    1374   0         0      
       list.obj                     298    0         0      
    +--+----------------------------+------+---------+---------+
       Total:                       4844   0         476    
                                                            
    .\third_party\FreeRTOS\Source\portable\CCS\ARM_CM4F\
       port.obj                     312    4         4      
       portasm.obj                  210    0         0      
    +--+----------------------------+------+---------+---------+
       Total:                       522    4         4      
                                                            
    .\third_party\FreeRTOS\Source\portable\MemMang\
       heap_2.obj                   448    0         20264  
    +--+----------------------------+------+---------+---------+
       Total:                       448    0         20264  
                                                            
    .\utils\
       uartstdio.obj                1032   46        5      
    +--+----------------------------+------+---------+---------+
       Total:                       1032   46        5      
                                                            
    C:/ti/TivaWare_C_Series-2.2.0.295/driverlib/ccs/Debug/driverlib.lib
       gpio.obj                     742    552       0      
       interrupt.obj                188    20        620    
       sysctl.obj                   302    0         0      
       cpu.obj                      24     0         0      
       uart.obj                     6      0         0      
    +--+----------------------------+------+---------+---------+
       Total:                       1262   572       620    
                                                            
    C:\ti\ccs1281\ccs\tools\compiler\ti-cgt-arm_20.2.7.LTS\lib\rtsv7M4_T_le_v4SPD16_eabi.lib
       memcpy_t2.asm.obj            156    0         0      
       memset_t2.asm.obj            122    0         0      
       copy_decompress_lzss.c.obj   104    0         0      
       autoinit.c.obj               68     0         0      
       u_divt2.asm.obj              64     0         0      
       boot_cortex_m.c.obj          52     0         0      
       copy_decompress_none.c.obj   14     0         0      
       copy_zero_init.c.obj         12     0         0      
       exit.c.obj                   4      0         0      
       pre_init.c.obj               4      0         0      
       div0.asm.obj                 2      0         0      
    +--+----------------------------+------+---------+---------+
       Total:                       602    0         0      
                                                            
       Stack:                       0      0         4096   
       Linker Generated:            0      75        0      
    +--+----------------------------+------+---------+---------+
       Grand Total:                 9896   1317      25484  


LINKER GENERATED COPY TABLES

__TI_cinit_table @ 00002bc0 records: 3, size/record: 8, table size: 24
	.data: load addr=00002b88, load size=00000017 bytes, run addr=20006338, run size=00000054 bytes, compression=lzss
	.bss: load addr=00002bb0, load size=00000008 bytes, run addr=2000026c, run size=000050cc bytes, compression=zero_init
	.vtable: load addr=00002bb8, load size=00000008 bytes, run addr=20000000, run size=0000026c bytes, compression=zero_init


LINKER GENERATED HANDLER TABLE

__TI_handler_table @ 00002ba0 records: 3, size/record: 4, table size: 12
	index: 0, handler: __TI_zero_init
	index: 1, handler: __TI_decompress_lzss
	index: 2, handler: __TI_decompress_none


GLOBAL SYMBOLS: SORTED ALPHABETICALLY BY Name 

address   name                          
-------   ----                          
00001ff9  ButtonsInit                   
00002915  C$$EXIT                       
000028af  CPUcpsid                      
000028bb  CPUcpsie                      
0000263d  GPIODirModeSet                
000028f9  GPIOIntClear                  
000028c7  GPIOIntEnable                 
0000279d  GPIOIntRegister               
00002885  GPIOIntStatus                 
0000210d  GPIOIntTypeSet                
00000579  GPIOPadConfigSet              
00002265  GPIOPinConfigure              
000027e5  GPIOPinTypeUART               
000027b5  GPIOUnlockPin                 
00001c65  IntEnable                     
00002825  IntMasterDisable              
00002835  IntMasterEnable               
0000253d  IntRegister                   
000015b9  LEDWrite                      
00000bdd  PinoutSet                     
000028ff  ResetISR                      
00000ee5  SysCtlClockSet                
00002905  SysCtlDelay                   
00002571  SysCtlPeripheralEnable        
0000290b  UARTClockSourceSet            
00001a31  UARTStdioConfig               
000026bb  UARTprintf                    
0000026d  UARTvprintf                   
00001ed5  UARTwrite                     
20006338  __STACK_END                   
00001000  __STACK_SIZE                  
20006338  __STACK_TOP                   
00002bc0  __TI_CINIT_Base               
00002bd8  __TI_CINIT_Limit              
00002ba0  __TI_Handler_Table_Base       
00002bac  __TI_Handler_Table_Limit      
00002389  __TI_auto_init_nobinit_nopinit
00001ccd  __TI_decompress_lzss          
00002893  __TI_decompress_none          
ffffffff  __TI_pprof_out_hndl           
ffffffff  __TI_prof_data_size           
ffffffff  __TI_prof_data_start          
00000000  __TI_static_base__            
000028d3  __TI_zero_init                
00001ff7  __aeabi_idiv0                 
00001ff7  __aeabi_ldiv0                 
000019b7  __aeabi_memclr                
000019b7  __aeabi_memclr4               
000019b7  __aeabi_memclr8               
00001655  __aeabi_memcpy                
00001655  __aeabi_memcpy4               
00001655  __aeabi_memcpy8               
000019b9  __aeabi_memset                
000019b9  __aeabi_memset4               
000019b9  __aeabi_memset8               
00002411  __aeabi_uidiv                 
00002411  __aeabi_uidivmod              
ffffffff  __binit__                     
ffffffff  __c_args__                    
UNDEFED   __mpu_init                    
20005338  __stack                       
20000000  __start___llvm_prf_cnts       
20000000  __stop___llvm_prf_cnts        
000025a5  _c_int00_noargs               
UNDEFED   _system_post_cinit            
00002911  _system_pre_init              
00002915  abort                         
ffffffff  binit                         
20000000  g_pfnRAMVectors               
00000000  g_pfnVectors                  
20006374  g_ui32TimeStamp               
00002845  main                          
00001655  memcpy                        
000019bf  memset                        
00000ce5  pvPortMalloc                  
00002749  pvTaskIncrementMutexHeldCount 
20006338  pxCurrentTCB                  
000020b1  pxPortInitialiseStack         
00002b80  ulMaxSyscallInterruptPriority 
00000fe9  ulPortGetIPSR                 
000010ad  ulTaskNotifyTake              
000022fd  uxListRemove                  
000026df  vApplicationIdleHook          
000028df  vApplicationStackOverflowHook 
00001789  vBlinkyTask                   
0000260d  vListInitialise               
00002865  vListInitialiseItem           
00001e6d  vListInsert                   
000024c9  vListInsertEnd                
0000109d  vPortEnableVFP                
000026e1  vPortEnterCritical            
00002765  vPortExitCritical             
00001d9d  vPortFree                     
00001061  vPortSVCHandler               
00002781  vPortSetupTimerInterrupt      
00001081  vPortStartFirstTask           
00001bf9  vTaskDelay                    
000028ed  vTaskMissedYield              
00001245  vTaskNotifyGiveFromISR        
00001e05  vTaskPlaceOnEventList         
0000117d  vTaskPriorityInherit          
00002705  vTaskSetTimeOutState          
00001b19  vTaskStartScheduler           
00002875  vTaskSuspendAll               
000013bd  vTaskSwitchContext            
00001f39  xButtonsHandler               
00001001  xPortPendSVHandler            
000023cd  xPortStartScheduler           
00002669  xPortSysTickHandler           
00001b89  xQueueGenericCreate           
000006e5  xQueueGenericReceive          
00001519  xQueueGenericReset            
00000ab5  xQueueGenericSend             
000018b1  xTaskCheckForTimeOut          
0000084d  xTaskGenericCreate            
00002811  xTaskGetTickCount             
00000981  xTaskIncrementTick            
00001475  xTaskPriorityDisinherit       
00001821  xTaskRemoveFromEventList      
00000ded  xTaskResumeAll                


GLOBAL SYMBOLS: SORTED BY Symbol Address 

address   name                          
-------   ----                          
00000000  __TI_static_base__            
00000000  g_pfnVectors                  
0000026d  UARTvprintf                   
00000579  GPIOPadConfigSet              
000006e5  xQueueGenericReceive          
0000084d  xTaskGenericCreate            
00000981  xTaskIncrementTick            
00000ab5  xQueueGenericSend             
00000bdd  PinoutSet                     
00000ce5  pvPortMalloc                  
00000ded  xTaskResumeAll                
00000ee5  SysCtlClockSet                
00000fe9  ulPortGetIPSR                 
00001000  __STACK_SIZE                  
00001001  xPortPendSVHandler            
00001061  vPortSVCHandler               
00001081  vPortStartFirstTask           
0000109d  vPortEnableVFP                
000010ad  ulTaskNotifyTake              
0000117d  vTaskPriorityInherit          
00001245  vTaskNotifyGiveFromISR        
000013bd  vTaskSwitchContext            
00001475  xTaskPriorityDisinherit       
00001519  xQueueGenericReset            
000015b9  LEDWrite                      
00001655  __aeabi_memcpy                
00001655  __aeabi_memcpy4               
00001655  __aeabi_memcpy8               
00001655  memcpy                        
00001789  vBlinkyTask                   
00001821  xTaskRemoveFromEventList      
000018b1  xTaskCheckForTimeOut          
000019b7  __aeabi_memclr                
000019b7  __aeabi_memclr4               
000019b7  __aeabi_memclr8               
000019b9  __aeabi_memset                
000019b9  __aeabi_memset4               
000019b9  __aeabi_memset8               
000019bf  memset                        
00001a31  UARTStdioConfig               
00001b19  vTaskStartScheduler           
00001b89  xQueueGenericCreate           
00001bf9  vTaskDelay                    
00001c65  IntEnable                     
00001ccd  __TI_decompress_lzss          
00001d9d  vPortFree                     
00001e05  vTaskPlaceOnEventList         
00001e6d  vListInsert                   
00001ed5  UARTwrite                     
00001f39  xButtonsHandler               
00001ff7  __aeabi_idiv0                 
00001ff7  __aeabi_ldiv0                 
00001ff9  ButtonsInit                   
000020b1  pxPortInitialiseStack         
0000210d  GPIOIntTypeSet                
00002265  GPIOPinConfigure              
000022fd  uxListRemove                  
00002389  __TI_auto_init_nobinit_nopinit
000023cd  xPortStartScheduler           
00002411  __aeabi_uidiv                 
00002411  __aeabi_uidivmod              
000024c9  vListInsertEnd                
0000253d  IntRegister                   
00002571  SysCtlPeripheralEnable        
000025a5  _c_int00_noargs               
0000260d  vListInitialise               
0000263d  GPIODirModeSet                
00002669  xPortSysTickHandler           
000026bb  UARTprintf                    
000026df  vApplicationIdleHook          
000026e1  vPortEnterCritical            
00002705  vTaskSetTimeOutState          
00002749  pvTaskIncrementMutexHeldCount 
00002765  vPortExitCritical             
00002781  vPortSetupTimerInterrupt      
0000279d  GPIOIntRegister               
000027b5  GPIOUnlockPin                 
000027e5  GPIOPinTypeUART               
00002811  xTaskGetTickCount             
00002825  IntMasterDisable              
00002835  IntMasterEnable               
00002845  main                          
00002865  vListInitialiseItem           
00002875  vTaskSuspendAll               
00002885  GPIOIntStatus                 
00002893  __TI_decompress_none          
000028af  CPUcpsid                      
000028bb  CPUcpsie                      
000028c7  GPIOIntEnable                 
000028d3  __TI_zero_init                
000028df  vApplicationStackOverflowHook 
000028ed  vTaskMissedYield              
000028f9  GPIOIntClear                  
000028ff  ResetISR                      
00002905  SysCtlDelay                   
0000290b  UARTClockSourceSet            
00002911  _system_pre_init              
00002915  C$$EXIT                       
00002915  abort                         
00002b80  ulMaxSyscallInterruptPriority 
00002ba0  __TI_Handler_Table_Base       
00002bac  __TI_Handler_Table_Limit      
00002bc0  __TI_CINIT_Base               
00002bd8  __TI_CINIT_Limit              
20000000  __start___llvm_prf_cnts       
20000000  __stop___llvm_prf_cnts        
20000000  g_pfnRAMVectors               
20005338  __stack                       
20006338  __STACK_END                   
20006338  __STACK_TOP                   
20006338  pxCurrentTCB                  
20006374  g_ui32TimeStamp               
ffffffff  __TI_pprof_out_hndl           
ffffffff  __TI_prof_data_size           
ffffffff  __TI_prof_data_start          
ffffffff  __binit__                     
ffffffff  __c_args__                    
ffffffff  binit                         
UNDEFED   __mpu_init                    
UNDEFED   _system_post_cinit            

[120 symbols]
